Archive member included to satisfy reference by file (symbol)

/home/student/eclipse-workspace/Tiva_C_LaunchPad/SW-EK-TM4C123GXL-2.1.4.178/driverlib/gcc/libdriver.a(gpio.o)
                              ./src/main.o (GPIOPinTypeUART)
/home/student/eclipse-workspace/Tiva_C_LaunchPad/SW-EK-TM4C123GXL-2.1.4.178/driverlib/gcc/libdriver.a(interrupt.o)
                              /home/student/eclipse-workspace/Tiva_C_LaunchPad/SW-EK-TM4C123GXL-2.1.4.178/driverlib/gcc/libdriver.a(gpio.o) (IntRegister)
/home/student/eclipse-workspace/Tiva_C_LaunchPad/SW-EK-TM4C123GXL-2.1.4.178/driverlib/gcc/libdriver.a(sysctl.o)
                              ./SW-EK-TM4C123GXL-2.1.4.178/utils/uartstdio.o (SysCtlPeripheralPresent)
/home/student/eclipse-workspace/Tiva_C_LaunchPad/SW-EK-TM4C123GXL-2.1.4.178/driverlib/gcc/libdriver.a(uart.o)
                              ./SW-EK-TM4C123GXL-2.1.4.178/utils/uartstdio.o (UARTEnable)
/home/student/eclipse-workspace/Tiva_C_LaunchPad/SW-EK-TM4C123GXL-2.1.4.178/driverlib/gcc/libdriver.a(cpu.o)
                              /home/student/eclipse-workspace/Tiva_C_LaunchPad/SW-EK-TM4C123GXL-2.1.4.178/driverlib/gcc/libdriver.a(interrupt.o) (CPUcpsid)
/usr/lib/gcc/arm-none-eabi/5.4.1/armv7e-m/fpu/libgcc.a(_arm_addsubdf3.o)
                              ./src/main.o (__aeabi_dadd)
/usr/lib/gcc/arm-none-eabi/5.4.1/armv7e-m/fpu/libgcc.a(_arm_muldivdf3.o)
                              ./src/main.o (__aeabi_dmul)
/usr/lib/gcc/arm-none-eabi/5.4.1/armv7e-m/fpu/libgcc.a(_arm_truncdfsf2.o)
                              ./src/main.o (__aeabi_d2f)
/usr/lib/gcc/arm-none-eabi/5.4.1/../../../arm-none-eabi/lib/armv7e-m/fpu/libg.a(lib_a-atexit.o)
                              /usr/lib/gcc/arm-none-eabi/5.4.1/../../../arm-none-eabi/lib/armv7e-m/fpu/crt0.o (atexit)
/usr/lib/gcc/arm-none-eabi/5.4.1/../../../arm-none-eabi/lib/armv7e-m/fpu/libg.a(lib_a-exit.o)
                              /usr/lib/gcc/arm-none-eabi/5.4.1/../../../arm-none-eabi/lib/armv7e-m/fpu/crt0.o (exit)
/usr/lib/gcc/arm-none-eabi/5.4.1/../../../arm-none-eabi/lib/armv7e-m/fpu/libg.a(lib_a-fini.o)
                              /usr/lib/gcc/arm-none-eabi/5.4.1/../../../arm-none-eabi/lib/armv7e-m/fpu/crt0.o (__libc_fini_array)
/usr/lib/gcc/arm-none-eabi/5.4.1/../../../arm-none-eabi/lib/armv7e-m/fpu/libg.a(lib_a-impure.o)
                              /usr/lib/gcc/arm-none-eabi/5.4.1/../../../arm-none-eabi/lib/armv7e-m/fpu/libg.a(lib_a-exit.o) (_global_impure_ptr)
/usr/lib/gcc/arm-none-eabi/5.4.1/../../../arm-none-eabi/lib/armv7e-m/fpu/libg.a(lib_a-init.o)
                              /usr/lib/gcc/arm-none-eabi/5.4.1/../../../arm-none-eabi/lib/armv7e-m/fpu/crt0.o (__libc_init_array)
/usr/lib/gcc/arm-none-eabi/5.4.1/../../../arm-none-eabi/lib/armv7e-m/fpu/libg.a(lib_a-memset.o)
                              /usr/lib/gcc/arm-none-eabi/5.4.1/../../../arm-none-eabi/lib/armv7e-m/fpu/crt0.o (memset)
/usr/lib/gcc/arm-none-eabi/5.4.1/../../../arm-none-eabi/lib/armv7e-m/fpu/libg.a(lib_a-__atexit.o)
                              /usr/lib/gcc/arm-none-eabi/5.4.1/../../../arm-none-eabi/lib/armv7e-m/fpu/libg.a(lib_a-atexit.o) (__register_exitproc)
/usr/lib/gcc/arm-none-eabi/5.4.1/../../../arm-none-eabi/lib/armv7e-m/fpu/libg.a(lib_a-__call_atexit.o)
                              /usr/lib/gcc/arm-none-eabi/5.4.1/../../../arm-none-eabi/lib/armv7e-m/fpu/libg.a(lib_a-exit.o) (__call_exitprocs)

Allocating common symbols
Common symbol       size              file

but_3               0x4               ./src/main.o
button_sol          0x4               ./src/main.o
but_4               0x4               ./src/main.o
but_5               0x4               ./src/main.o
but_2               0x4               ./src/main.o
delay               0x4               ./src/main.o
button_sag          0x4               ./src/main.o
but_1               0x4               ./src/main.o
but_6               0x4               ./src/main.o

Discarded input sections

 .text          0x0000000000000000        0x0 /usr/lib/gcc/arm-none-eabi/5.4.1/armv7e-m/fpu/crti.o
 .data          0x0000000000000000        0x0 /usr/lib/gcc/arm-none-eabi/5.4.1/armv7e-m/fpu/crti.o
 .bss           0x0000000000000000        0x0 /usr/lib/gcc/arm-none-eabi/5.4.1/armv7e-m/fpu/crti.o
 .text          0x0000000000000000       0xa4 /usr/lib/gcc/arm-none-eabi/5.4.1/armv7e-m/fpu/crtbegin.o
 .data          0x0000000000000000        0x4 /usr/lib/gcc/arm-none-eabi/5.4.1/armv7e-m/fpu/crtbegin.o
 .bss           0x0000000000000000       0x1c /usr/lib/gcc/arm-none-eabi/5.4.1/armv7e-m/fpu/crtbegin.o
 .init_array    0x0000000000000000        0x4 /usr/lib/gcc/arm-none-eabi/5.4.1/armv7e-m/fpu/crtbegin.o
 .fini_array    0x0000000000000000        0x4 /usr/lib/gcc/arm-none-eabi/5.4.1/armv7e-m/fpu/crtbegin.o
 .eh_frame      0x0000000000000000        0x0 /usr/lib/gcc/arm-none-eabi/5.4.1/armv7e-m/fpu/crtbegin.o
 .jcr           0x0000000000000000        0x0 /usr/lib/gcc/arm-none-eabi/5.4.1/armv7e-m/fpu/crtbegin.o
 .tm_clone_table
                0x0000000000000000        0x0 /usr/lib/gcc/arm-none-eabi/5.4.1/armv7e-m/fpu/crtbegin.o
 .comment       0x0000000000000000       0x2c /usr/lib/gcc/arm-none-eabi/5.4.1/armv7e-m/fpu/crtbegin.o
 .ARM.attributes
                0x0000000000000000       0x34 /usr/lib/gcc/arm-none-eabi/5.4.1/armv7e-m/fpu/crtbegin.o
 .text          0x0000000000000000       0x68 /usr/lib/gcc/arm-none-eabi/5.4.1/../../../arm-none-eabi/lib/armv7e-m/fpu/crt0.o
 .data          0x0000000000000000        0x0 /usr/lib/gcc/arm-none-eabi/5.4.1/../../../arm-none-eabi/lib/armv7e-m/fpu/crt0.o
 .bss           0x0000000000000000        0x0 /usr/lib/gcc/arm-none-eabi/5.4.1/../../../arm-none-eabi/lib/armv7e-m/fpu/crt0.o
 .ARM.extab     0x0000000000000000        0x0 /usr/lib/gcc/arm-none-eabi/5.4.1/../../../arm-none-eabi/lib/armv7e-m/fpu/crt0.o
 .ARM.exidx     0x0000000000000000        0x8 /usr/lib/gcc/arm-none-eabi/5.4.1/../../../arm-none-eabi/lib/armv7e-m/fpu/crt0.o
 .debug_line    0x0000000000000000       0x7e /usr/lib/gcc/arm-none-eabi/5.4.1/../../../arm-none-eabi/lib/armv7e-m/fpu/crt0.o
 .debug_info    0x0000000000000000       0xa5 /usr/lib/gcc/arm-none-eabi/5.4.1/../../../arm-none-eabi/lib/armv7e-m/fpu/crt0.o
 .debug_abbrev  0x0000000000000000       0x14 /usr/lib/gcc/arm-none-eabi/5.4.1/../../../arm-none-eabi/lib/armv7e-m/fpu/crt0.o
 .debug_aranges
                0x0000000000000000       0x20 /usr/lib/gcc/arm-none-eabi/5.4.1/../../../arm-none-eabi/lib/armv7e-m/fpu/crt0.o
 .ARM.attributes
                0x0000000000000000       0x20 /usr/lib/gcc/arm-none-eabi/5.4.1/../../../arm-none-eabi/lib/armv7e-m/fpu/crt0.o
 .group         0x0000000000000000        0x8 ./src/main.o
 .group         0x0000000000000000        0x8 ./src/main.o
 .group         0x0000000000000000        0x8 ./src/main.o
 .group         0x0000000000000000        0x8 ./src/main.o
 .group         0x0000000000000000        0x8 ./src/main.o
 .group         0x0000000000000000        0x8 ./src/main.o
 .group         0x0000000000000000        0x8 ./src/main.o
 .group         0x0000000000000000        0x8 ./src/main.o
 .group         0x0000000000000000        0x8 ./src/main.o
 .group         0x0000000000000000        0x8 ./src/main.o
 .group         0x0000000000000000        0x8 ./src/main.o
 .group         0x0000000000000000        0x8 ./src/main.o
 .group         0x0000000000000000        0x8 ./src/main.o
 .group         0x0000000000000000        0x8 ./src/main.o
 .group         0x0000000000000000        0x8 ./src/main.o
 .group         0x0000000000000000        0x8 ./src/main.o
 .group         0x0000000000000000        0x8 ./src/main.o
 .group         0x0000000000000000        0x8 ./src/main.o
 .group         0x0000000000000000        0x8 ./src/main.o
 .group         0x0000000000000000        0x8 ./src/main.o
 .group         0x0000000000000000        0x8 ./src/main.o
 .group         0x0000000000000000        0x8 ./src/main.o
 .group         0x0000000000000000        0x8 ./src/main.o
 .group         0x0000000000000000        0x8 ./src/main.o
 .group         0x0000000000000000        0x8 ./src/main.o
 .group         0x0000000000000000        0x8 ./src/main.o
 .text          0x0000000000000000        0x0 ./src/main.o
 .data          0x0000000000000000        0x0 ./src/main.o
 .bss           0x0000000000000000        0x0 ./src/main.o
 .bss.para_ustu
                0x0000000000000000        0x4 ./src/main.o
 .group         0x0000000000000000        0x8 ./src/startup_gcc.o
 .group         0x0000000000000000        0x8 ./src/startup_gcc.o
 .group         0x0000000000000000        0x8 ./src/startup_gcc.o
 .group         0x0000000000000000        0x8 ./src/startup_gcc.o
 .group         0x0000000000000000        0x8 ./src/startup_gcc.o
 .group         0x0000000000000000        0x8 ./src/startup_gcc.o
 .group         0x0000000000000000        0x8 ./src/startup_gcc.o
 .group         0x0000000000000000        0x8 ./src/startup_gcc.o
 .group         0x0000000000000000        0x8 ./src/startup_gcc.o
 .text          0x0000000000000000        0x0 ./src/startup_gcc.o
 .data          0x0000000000000000        0x0 ./src/startup_gcc.o
 .bss           0x0000000000000000        0x0 ./src/startup_gcc.o
 .debug_macro   0x0000000000000000      0x880 ./src/startup_gcc.o
 .debug_macro   0x0000000000000000       0x22 ./src/startup_gcc.o
 .debug_macro   0x0000000000000000       0x87 ./src/startup_gcc.o
 .debug_macro   0x0000000000000000       0x44 ./src/startup_gcc.o
 .debug_macro   0x0000000000000000       0xfd ./src/startup_gcc.o
 .debug_macro   0x0000000000000000       0x5e ./src/startup_gcc.o
 .debug_macro   0x0000000000000000      0x1df ./src/startup_gcc.o
 .debug_macro   0x0000000000000000       0x67 ./src/startup_gcc.o
 .group         0x0000000000000000        0x8 ./SW-EK-TM4C123GXL-2.1.4.178/utils/uartstdio.o
 .group         0x0000000000000000        0x8 ./SW-EK-TM4C123GXL-2.1.4.178/utils/uartstdio.o
 .group         0x0000000000000000        0x8 ./SW-EK-TM4C123GXL-2.1.4.178/utils/uartstdio.o
 .group         0x0000000000000000        0x8 ./SW-EK-TM4C123GXL-2.1.4.178/utils/uartstdio.o
 .group         0x0000000000000000        0x8 ./SW-EK-TM4C123GXL-2.1.4.178/utils/uartstdio.o
 .group         0x0000000000000000        0x8 ./SW-EK-TM4C123GXL-2.1.4.178/utils/uartstdio.o
 .group         0x0000000000000000        0x8 ./SW-EK-TM4C123GXL-2.1.4.178/utils/uartstdio.o
 .group         0x0000000000000000        0x8 ./SW-EK-TM4C123GXL-2.1.4.178/utils/uartstdio.o
 .group         0x0000000000000000        0x8 ./SW-EK-TM4C123GXL-2.1.4.178/utils/uartstdio.o
 .group         0x0000000000000000        0x8 ./SW-EK-TM4C123GXL-2.1.4.178/utils/uartstdio.o
 .group         0x0000000000000000        0x8 ./SW-EK-TM4C123GXL-2.1.4.178/utils/uartstdio.o
 .group         0x0000000000000000        0x8 ./SW-EK-TM4C123GXL-2.1.4.178/utils/uartstdio.o
 .group         0x0000000000000000        0x8 ./SW-EK-TM4C123GXL-2.1.4.178/utils/uartstdio.o
 .group         0x0000000000000000        0x8 ./SW-EK-TM4C123GXL-2.1.4.178/utils/uartstdio.o
 .group         0x0000000000000000        0x8 ./SW-EK-TM4C123GXL-2.1.4.178/utils/uartstdio.o
 .group         0x0000000000000000        0x8 ./SW-EK-TM4C123GXL-2.1.4.178/utils/uartstdio.o
 .group         0x0000000000000000        0x8 ./SW-EK-TM4C123GXL-2.1.4.178/utils/uartstdio.o
 .group         0x0000000000000000        0x8 ./SW-EK-TM4C123GXL-2.1.4.178/utils/uartstdio.o
 .group         0x0000000000000000        0x8 ./SW-EK-TM4C123GXL-2.1.4.178/utils/uartstdio.o
 .text          0x0000000000000000        0x0 ./SW-EK-TM4C123GXL-2.1.4.178/utils/uartstdio.o
 .data          0x0000000000000000        0x0 ./SW-EK-TM4C123GXL-2.1.4.178/utils/uartstdio.o
 .bss           0x0000000000000000        0x0 ./SW-EK-TM4C123GXL-2.1.4.178/utils/uartstdio.o
 .rodata.g_pcHex
                0x0000000000000000        0x4 ./SW-EK-TM4C123GXL-2.1.4.178/utils/uartstdio.o
 .text.UARTgets
                0x0000000000000000       0xdc ./SW-EK-TM4C123GXL-2.1.4.178/utils/uartstdio.o
 .text.UARTgetc
                0x0000000000000000       0x1c ./SW-EK-TM4C123GXL-2.1.4.178/utils/uartstdio.o
 .bss.bLastWasCR.4544
                0x0000000000000000        0x1 ./SW-EK-TM4C123GXL-2.1.4.178/utils/uartstdio.o
 .debug_macro   0x0000000000000000      0x880 ./SW-EK-TM4C123GXL-2.1.4.178/utils/uartstdio.o
 .debug_macro   0x0000000000000000       0x22 ./SW-EK-TM4C123GXL-2.1.4.178/utils/uartstdio.o
 .debug_macro   0x0000000000000000       0x22 ./SW-EK-TM4C123GXL-2.1.4.178/utils/uartstdio.o
 .debug_macro   0x0000000000000000       0x87 ./SW-EK-TM4C123GXL-2.1.4.178/utils/uartstdio.o
 .debug_macro   0x0000000000000000       0x44 ./SW-EK-TM4C123GXL-2.1.4.178/utils/uartstdio.o
 .debug_macro   0x0000000000000000       0xfd ./SW-EK-TM4C123GXL-2.1.4.178/utils/uartstdio.o
 .debug_macro   0x0000000000000000       0x5e ./SW-EK-TM4C123GXL-2.1.4.178/utils/uartstdio.o
 .debug_macro   0x0000000000000000      0x1df ./SW-EK-TM4C123GXL-2.1.4.178/utils/uartstdio.o
 .debug_macro   0x0000000000000000       0x58 ./SW-EK-TM4C123GXL-2.1.4.178/utils/uartstdio.o
 .debug_macro   0x0000000000000000       0x67 ./SW-EK-TM4C123GXL-2.1.4.178/utils/uartstdio.o
 .debug_macro   0x0000000000000000      0xa88 ./SW-EK-TM4C123GXL-2.1.4.178/utils/uartstdio.o
 .debug_macro   0x0000000000000000      0x17a ./SW-EK-TM4C123GXL-2.1.4.178/utils/uartstdio.o
 .text          0x0000000000000000        0x0 /home/student/eclipse-workspace/Tiva_C_LaunchPad/SW-EK-TM4C123GXL-2.1.4.178/driverlib/gcc/libdriver.a(gpio.o)
 .data          0x0000000000000000        0x0 /home/student/eclipse-workspace/Tiva_C_LaunchPad/SW-EK-TM4C123GXL-2.1.4.178/driverlib/gcc/libdriver.a(gpio.o)
 .bss           0x0000000000000000        0x0 /home/student/eclipse-workspace/Tiva_C_LaunchPad/SW-EK-TM4C123GXL-2.1.4.178/driverlib/gcc/libdriver.a(gpio.o)
 .text._GPIOIntNumberGet
                0x0000000000000000       0x48 /home/student/eclipse-workspace/Tiva_C_LaunchPad/SW-EK-TM4C123GXL-2.1.4.178/driverlib/gcc/libdriver.a(gpio.o)
 .text.GPIODirModeGet
                0x0000000000000000       0x24 /home/student/eclipse-workspace/Tiva_C_LaunchPad/SW-EK-TM4C123GXL-2.1.4.178/driverlib/gcc/libdriver.a(gpio.o)
 .text.GPIOIntTypeSet
                0x0000000000000000       0x5a /home/student/eclipse-workspace/Tiva_C_LaunchPad/SW-EK-TM4C123GXL-2.1.4.178/driverlib/gcc/libdriver.a(gpio.o)
 .text.GPIOIntTypeGet
                0x0000000000000000       0x4a /home/student/eclipse-workspace/Tiva_C_LaunchPad/SW-EK-TM4C123GXL-2.1.4.178/driverlib/gcc/libdriver.a(gpio.o)
 .text.GPIOPadConfigGet
                0x0000000000000000       0xc4 /home/student/eclipse-workspace/Tiva_C_LaunchPad/SW-EK-TM4C123GXL-2.1.4.178/driverlib/gcc/libdriver.a(gpio.o)
 .text.GPIOIntEnable
                0x0000000000000000        0xc /home/student/eclipse-workspace/Tiva_C_LaunchPad/SW-EK-TM4C123GXL-2.1.4.178/driverlib/gcc/libdriver.a(gpio.o)
 .text.GPIOIntDisable
                0x0000000000000000        0xe /home/student/eclipse-workspace/Tiva_C_LaunchPad/SW-EK-TM4C123GXL-2.1.4.178/driverlib/gcc/libdriver.a(gpio.o)
 .text.GPIOIntStatus
                0x0000000000000000        0xe /home/student/eclipse-workspace/Tiva_C_LaunchPad/SW-EK-TM4C123GXL-2.1.4.178/driverlib/gcc/libdriver.a(gpio.o)
 .text.GPIOIntClear
                0x0000000000000000        0x6 /home/student/eclipse-workspace/Tiva_C_LaunchPad/SW-EK-TM4C123GXL-2.1.4.178/driverlib/gcc/libdriver.a(gpio.o)
 .text.GPIOIntRegister
                0x0000000000000000       0x1a /home/student/eclipse-workspace/Tiva_C_LaunchPad/SW-EK-TM4C123GXL-2.1.4.178/driverlib/gcc/libdriver.a(gpio.o)
 .text.GPIOIntUnregister
                0x0000000000000000       0x16 /home/student/eclipse-workspace/Tiva_C_LaunchPad/SW-EK-TM4C123GXL-2.1.4.178/driverlib/gcc/libdriver.a(gpio.o)
 .text.GPIOIntRegisterPin
                0x0000000000000000       0x1e /home/student/eclipse-workspace/Tiva_C_LaunchPad/SW-EK-TM4C123GXL-2.1.4.178/driverlib/gcc/libdriver.a(gpio.o)
 .text.GPIOIntUnregisterPin
                0x0000000000000000       0x1a /home/student/eclipse-workspace/Tiva_C_LaunchPad/SW-EK-TM4C123GXL-2.1.4.178/driverlib/gcc/libdriver.a(gpio.o)
 .text.GPIOPinRead
                0x0000000000000000        0x6 /home/student/eclipse-workspace/Tiva_C_LaunchPad/SW-EK-TM4C123GXL-2.1.4.178/driverlib/gcc/libdriver.a(gpio.o)
 .text.GPIOPinWrite
                0x0000000000000000        0x6 /home/student/eclipse-workspace/Tiva_C_LaunchPad/SW-EK-TM4C123GXL-2.1.4.178/driverlib/gcc/libdriver.a(gpio.o)
 .text.GPIOPinTypeADC
                0x0000000000000000       0x1c /home/student/eclipse-workspace/Tiva_C_LaunchPad/SW-EK-TM4C123GXL-2.1.4.178/driverlib/gcc/libdriver.a(gpio.o)
 .text.GPIOPinTypeCAN
                0x0000000000000000       0x1c /home/student/eclipse-workspace/Tiva_C_LaunchPad/SW-EK-TM4C123GXL-2.1.4.178/driverlib/gcc/libdriver.a(gpio.o)
 .text.GPIOPinTypeComparator
                0x0000000000000000       0x1c /home/student/eclipse-workspace/Tiva_C_LaunchPad/SW-EK-TM4C123GXL-2.1.4.178/driverlib/gcc/libdriver.a(gpio.o)
 .text.GPIOPinTypeComparatorOutput
                0x0000000000000000       0x1c /home/student/eclipse-workspace/Tiva_C_LaunchPad/SW-EK-TM4C123GXL-2.1.4.178/driverlib/gcc/libdriver.a(gpio.o)
 .text.GPIOPinTypeDIVSCLK
                0x0000000000000000       0x1c /home/student/eclipse-workspace/Tiva_C_LaunchPad/SW-EK-TM4C123GXL-2.1.4.178/driverlib/gcc/libdriver.a(gpio.o)
 .text.GPIOPinTypeEPI
                0x0000000000000000       0x1c /home/student/eclipse-workspace/Tiva_C_LaunchPad/SW-EK-TM4C123GXL-2.1.4.178/driverlib/gcc/libdriver.a(gpio.o)
 .text.GPIOPinTypeEthernetLED
                0x0000000000000000       0x1c /home/student/eclipse-workspace/Tiva_C_LaunchPad/SW-EK-TM4C123GXL-2.1.4.178/driverlib/gcc/libdriver.a(gpio.o)
 .text.GPIOPinTypeEthernetMII
                0x0000000000000000       0x1c /home/student/eclipse-workspace/Tiva_C_LaunchPad/SW-EK-TM4C123GXL-2.1.4.178/driverlib/gcc/libdriver.a(gpio.o)
 .text.GPIOPinTypeGPIOInput
                0x0000000000000000       0x1c /home/student/eclipse-workspace/Tiva_C_LaunchPad/SW-EK-TM4C123GXL-2.1.4.178/driverlib/gcc/libdriver.a(gpio.o)
 .text.GPIOPinTypeGPIOOutput
                0x0000000000000000       0x1c /home/student/eclipse-workspace/Tiva_C_LaunchPad/SW-EK-TM4C123GXL-2.1.4.178/driverlib/gcc/libdriver.a(gpio.o)
 .text.GPIOPinTypeGPIOOutputOD
                0x0000000000000000       0x1c /home/student/eclipse-workspace/Tiva_C_LaunchPad/SW-EK-TM4C123GXL-2.1.4.178/driverlib/gcc/libdriver.a(gpio.o)
 .text.GPIOPinTypeHibernateRTCCLK
                0x0000000000000000       0x1c /home/student/eclipse-workspace/Tiva_C_LaunchPad/SW-EK-TM4C123GXL-2.1.4.178/driverlib/gcc/libdriver.a(gpio.o)
 .text.GPIOPinTypeI2C
                0x0000000000000000       0x1c /home/student/eclipse-workspace/Tiva_C_LaunchPad/SW-EK-TM4C123GXL-2.1.4.178/driverlib/gcc/libdriver.a(gpio.o)
 .text.GPIOPinTypeI2CSCL
                0x0000000000000000       0x1c /home/student/eclipse-workspace/Tiva_C_LaunchPad/SW-EK-TM4C123GXL-2.1.4.178/driverlib/gcc/libdriver.a(gpio.o)
 .text.GPIOPinTypeLCD
                0x0000000000000000       0x1c /home/student/eclipse-workspace/Tiva_C_LaunchPad/SW-EK-TM4C123GXL-2.1.4.178/driverlib/gcc/libdriver.a(gpio.o)
 .text.GPIOPinTypeOneWire
                0x0000000000000000       0x1c /home/student/eclipse-workspace/Tiva_C_LaunchPad/SW-EK-TM4C123GXL-2.1.4.178/driverlib/gcc/libdriver.a(gpio.o)
 .text.GPIOPinTypePWM
                0x0000000000000000       0x1c /home/student/eclipse-workspace/Tiva_C_LaunchPad/SW-EK-TM4C123GXL-2.1.4.178/driverlib/gcc/libdriver.a(gpio.o)
 .text.GPIOPinTypeQEI
                0x0000000000000000       0x1c /home/student/eclipse-workspace/Tiva_C_LaunchPad/SW-EK-TM4C123GXL-2.1.4.178/driverlib/gcc/libdriver.a(gpio.o)
 .text.GPIOPinTypeSSI
                0x0000000000000000       0x1c /home/student/eclipse-workspace/Tiva_C_LaunchPad/SW-EK-TM4C123GXL-2.1.4.178/driverlib/gcc/libdriver.a(gpio.o)
 .text.GPIOPinTypeTimer
                0x0000000000000000       0x1c /home/student/eclipse-workspace/Tiva_C_LaunchPad/SW-EK-TM4C123GXL-2.1.4.178/driverlib/gcc/libdriver.a(gpio.o)
 .text.GPIOPinTypeTrace
                0x0000000000000000       0x1c /home/student/eclipse-workspace/Tiva_C_LaunchPad/SW-EK-TM4C123GXL-2.1.4.178/driverlib/gcc/libdriver.a(gpio.o)
 .text.GPIOPinTypeUSBAnalog
                0x0000000000000000       0x1c /home/student/eclipse-workspace/Tiva_C_LaunchPad/SW-EK-TM4C123GXL-2.1.4.178/driverlib/gcc/libdriver.a(gpio.o)
 .text.GPIOPinTypeUSBDigital
                0x0000000000000000       0x1c /home/student/eclipse-workspace/Tiva_C_LaunchPad/SW-EK-TM4C123GXL-2.1.4.178/driverlib/gcc/libdriver.a(gpio.o)
 .text.GPIOPinTypeWakeHigh
                0x0000000000000000       0x1e /home/student/eclipse-workspace/Tiva_C_LaunchPad/SW-EK-TM4C123GXL-2.1.4.178/driverlib/gcc/libdriver.a(gpio.o)
 .text.GPIOPinTypeWakeLow
                0x0000000000000000       0x1e /home/student/eclipse-workspace/Tiva_C_LaunchPad/SW-EK-TM4C123GXL-2.1.4.178/driverlib/gcc/libdriver.a(gpio.o)
 .text.GPIOPinWakeStatus
                0x0000000000000000        0x6 /home/student/eclipse-workspace/Tiva_C_LaunchPad/SW-EK-TM4C123GXL-2.1.4.178/driverlib/gcc/libdriver.a(gpio.o)
 .text.GPIODMATriggerEnable
                0x0000000000000000        0xc /home/student/eclipse-workspace/Tiva_C_LaunchPad/SW-EK-TM4C123GXL-2.1.4.178/driverlib/gcc/libdriver.a(gpio.o)
 .text.GPIODMATriggerDisable
                0x0000000000000000        0xe /home/student/eclipse-workspace/Tiva_C_LaunchPad/SW-EK-TM4C123GXL-2.1.4.178/driverlib/gcc/libdriver.a(gpio.o)
 .text.GPIOADCTriggerEnable
                0x0000000000000000        0xc /home/student/eclipse-workspace/Tiva_C_LaunchPad/SW-EK-TM4C123GXL-2.1.4.178/driverlib/gcc/libdriver.a(gpio.o)
 .text.GPIOADCTriggerDisable
                0x0000000000000000        0xe /home/student/eclipse-workspace/Tiva_C_LaunchPad/SW-EK-TM4C123GXL-2.1.4.178/driverlib/gcc/libdriver.a(gpio.o)
 .rodata.g_ppui32GPIOIntMapSnowflake
                0x0000000000000000       0xd8 /home/student/eclipse-workspace/Tiva_C_LaunchPad/SW-EK-TM4C123GXL-2.1.4.178/driverlib/gcc/libdriver.a(gpio.o)
 .rodata.g_ppui32GPIOIntMapBlizzard
                0x0000000000000000       0xc0 /home/student/eclipse-workspace/Tiva_C_LaunchPad/SW-EK-TM4C123GXL-2.1.4.178/driverlib/gcc/libdriver.a(gpio.o)
 .text          0x0000000000000000        0x0 /home/student/eclipse-workspace/Tiva_C_LaunchPad/SW-EK-TM4C123GXL-2.1.4.178/driverlib/gcc/libdriver.a(interrupt.o)
 .data          0x0000000000000000        0x0 /home/student/eclipse-workspace/Tiva_C_LaunchPad/SW-EK-TM4C123GXL-2.1.4.178/driverlib/gcc/libdriver.a(interrupt.o)
 .bss           0x0000000000000000        0x0 /home/student/eclipse-workspace/Tiva_C_LaunchPad/SW-EK-TM4C123GXL-2.1.4.178/driverlib/gcc/libdriver.a(interrupt.o)
 .text._IntDefaultHandler
                0x0000000000000000        0x2 /home/student/eclipse-workspace/Tiva_C_LaunchPad/SW-EK-TM4C123GXL-2.1.4.178/driverlib/gcc/libdriver.a(interrupt.o)
 .text.IntMasterEnable
                0x0000000000000000        0xe /home/student/eclipse-workspace/Tiva_C_LaunchPad/SW-EK-TM4C123GXL-2.1.4.178/driverlib/gcc/libdriver.a(interrupt.o)
 .text.IntMasterDisable
                0x0000000000000000        0xe /home/student/eclipse-workspace/Tiva_C_LaunchPad/SW-EK-TM4C123GXL-2.1.4.178/driverlib/gcc/libdriver.a(interrupt.o)
 .text.IntRegister
                0x0000000000000000       0x34 /home/student/eclipse-workspace/Tiva_C_LaunchPad/SW-EK-TM4C123GXL-2.1.4.178/driverlib/gcc/libdriver.a(interrupt.o)
 .text.IntUnregister
                0x0000000000000000       0x14 /home/student/eclipse-workspace/Tiva_C_LaunchPad/SW-EK-TM4C123GXL-2.1.4.178/driverlib/gcc/libdriver.a(interrupt.o)
 .text.IntPriorityGroupingSet
                0x0000000000000000       0x1c /home/student/eclipse-workspace/Tiva_C_LaunchPad/SW-EK-TM4C123GXL-2.1.4.178/driverlib/gcc/libdriver.a(interrupt.o)
 .text.IntPriorityGroupingGet
                0x0000000000000000       0x24 /home/student/eclipse-workspace/Tiva_C_LaunchPad/SW-EK-TM4C123GXL-2.1.4.178/driverlib/gcc/libdriver.a(interrupt.o)
 .text.IntPrioritySet
                0x0000000000000000       0x2c /home/student/eclipse-workspace/Tiva_C_LaunchPad/SW-EK-TM4C123GXL-2.1.4.178/driverlib/gcc/libdriver.a(interrupt.o)
 .text.IntPriorityGet
                0x0000000000000000       0x1c /home/student/eclipse-workspace/Tiva_C_LaunchPad/SW-EK-TM4C123GXL-2.1.4.178/driverlib/gcc/libdriver.a(interrupt.o)
 .text.IntEnable
                0x0000000000000000       0x60 /home/student/eclipse-workspace/Tiva_C_LaunchPad/SW-EK-TM4C123GXL-2.1.4.178/driverlib/gcc/libdriver.a(interrupt.o)
 .text.IntDisable
                0x0000000000000000       0x60 /home/student/eclipse-workspace/Tiva_C_LaunchPad/SW-EK-TM4C123GXL-2.1.4.178/driverlib/gcc/libdriver.a(interrupt.o)
 .text.IntIsEnabled
                0x0000000000000000       0x64 /home/student/eclipse-workspace/Tiva_C_LaunchPad/SW-EK-TM4C123GXL-2.1.4.178/driverlib/gcc/libdriver.a(interrupt.o)
 .text.IntPendSet
                0x0000000000000000       0x50 /home/student/eclipse-workspace/Tiva_C_LaunchPad/SW-EK-TM4C123GXL-2.1.4.178/driverlib/gcc/libdriver.a(interrupt.o)
 .text.IntPendClear
                0x0000000000000000       0x40 /home/student/eclipse-workspace/Tiva_C_LaunchPad/SW-EK-TM4C123GXL-2.1.4.178/driverlib/gcc/libdriver.a(interrupt.o)
 .text.IntPriorityMaskSet
                0x0000000000000000        0x4 /home/student/eclipse-workspace/Tiva_C_LaunchPad/SW-EK-TM4C123GXL-2.1.4.178/driverlib/gcc/libdriver.a(interrupt.o)
 .text.IntPriorityMaskGet
                0x0000000000000000        0x4 /home/student/eclipse-workspace/Tiva_C_LaunchPad/SW-EK-TM4C123GXL-2.1.4.178/driverlib/gcc/libdriver.a(interrupt.o)
 .text.IntTrigger
                0x0000000000000000        0xc /home/student/eclipse-workspace/Tiva_C_LaunchPad/SW-EK-TM4C123GXL-2.1.4.178/driverlib/gcc/libdriver.a(interrupt.o)
 .rodata.g_pui32Priority
                0x0000000000000000       0x20 /home/student/eclipse-workspace/Tiva_C_LaunchPad/SW-EK-TM4C123GXL-2.1.4.178/driverlib/gcc/libdriver.a(interrupt.o)
 .rodata.g_pui32Dii16Regs
                0x0000000000000000       0x14 /home/student/eclipse-workspace/Tiva_C_LaunchPad/SW-EK-TM4C123GXL-2.1.4.178/driverlib/gcc/libdriver.a(interrupt.o)
 .rodata.g_pui32PendRegs
                0x0000000000000000       0x14 /home/student/eclipse-workspace/Tiva_C_LaunchPad/SW-EK-TM4C123GXL-2.1.4.178/driverlib/gcc/libdriver.a(interrupt.o)
 vtable         0x0000000000000000      0x400 /home/student/eclipse-workspace/Tiva_C_LaunchPad/SW-EK-TM4C123GXL-2.1.4.178/driverlib/gcc/libdriver.a(interrupt.o)
 .rodata.g_pui32Regs
                0x0000000000000000       0x9c /home/student/eclipse-workspace/Tiva_C_LaunchPad/SW-EK-TM4C123GXL-2.1.4.178/driverlib/gcc/libdriver.a(interrupt.o)
 .rodata.g_pui32EnRegs
                0x0000000000000000       0x14 /home/student/eclipse-workspace/Tiva_C_LaunchPad/SW-EK-TM4C123GXL-2.1.4.178/driverlib/gcc/libdriver.a(interrupt.o)
 .rodata.g_pui32UnpendRegs
                0x0000000000000000       0x14 /home/student/eclipse-workspace/Tiva_C_LaunchPad/SW-EK-TM4C123GXL-2.1.4.178/driverlib/gcc/libdriver.a(interrupt.o)
 .comment       0x0000000000000000       0x71 /home/student/eclipse-workspace/Tiva_C_LaunchPad/SW-EK-TM4C123GXL-2.1.4.178/driverlib/gcc/libdriver.a(interrupt.o)
 .ARM.attributes
                0x0000000000000000       0x3b /home/student/eclipse-workspace/Tiva_C_LaunchPad/SW-EK-TM4C123GXL-2.1.4.178/driverlib/gcc/libdriver.a(interrupt.o)
 .text          0x0000000000000000        0x0 /home/student/eclipse-workspace/Tiva_C_LaunchPad/SW-EK-TM4C123GXL-2.1.4.178/driverlib/gcc/libdriver.a(sysctl.o)
 .data          0x0000000000000000        0x0 /home/student/eclipse-workspace/Tiva_C_LaunchPad/SW-EK-TM4C123GXL-2.1.4.178/driverlib/gcc/libdriver.a(sysctl.o)
 .bss           0x0000000000000000        0x0 /home/student/eclipse-workspace/Tiva_C_LaunchPad/SW-EK-TM4C123GXL-2.1.4.178/driverlib/gcc/libdriver.a(sysctl.o)
 .text._SysCtlMemTimingGet
                0x0000000000000000       0x24 /home/student/eclipse-workspace/Tiva_C_LaunchPad/SW-EK-TM4C123GXL-2.1.4.178/driverlib/gcc/libdriver.a(sysctl.o)
 .text.SysCtlSRAMSizeGet
                0x0000000000000000       0x10 /home/student/eclipse-workspace/Tiva_C_LaunchPad/SW-EK-TM4C123GXL-2.1.4.178/driverlib/gcc/libdriver.a(sysctl.o)
 .text.SysCtlFlashSizeGet
                0x0000000000000000       0x3c /home/student/eclipse-workspace/Tiva_C_LaunchPad/SW-EK-TM4C123GXL-2.1.4.178/driverlib/gcc/libdriver.a(sysctl.o)
 .text.SysCtlFlashSectorSizeGet
                0x0000000000000000       0x38 /home/student/eclipse-workspace/Tiva_C_LaunchPad/SW-EK-TM4C123GXL-2.1.4.178/driverlib/gcc/libdriver.a(sysctl.o)
 .text.SysCtlPeripheralReady
                0x0000000000000000       0x26 /home/student/eclipse-workspace/Tiva_C_LaunchPad/SW-EK-TM4C123GXL-2.1.4.178/driverlib/gcc/libdriver.a(sysctl.o)
 .text.SysCtlPeripheralPowerOn
                0x0000000000000000       0x22 /home/student/eclipse-workspace/Tiva_C_LaunchPad/SW-EK-TM4C123GXL-2.1.4.178/driverlib/gcc/libdriver.a(sysctl.o)
 .text.SysCtlPeripheralPowerOff
                0x0000000000000000       0x22 /home/student/eclipse-workspace/Tiva_C_LaunchPad/SW-EK-TM4C123GXL-2.1.4.178/driverlib/gcc/libdriver.a(sysctl.o)
 .text.SysCtlPeripheralReset
                0x0000000000000000       0x3a /home/student/eclipse-workspace/Tiva_C_LaunchPad/SW-EK-TM4C123GXL-2.1.4.178/driverlib/gcc/libdriver.a(sysctl.o)
 .text.SysCtlPeripheralDisable
                0x0000000000000000       0x22 /home/student/eclipse-workspace/Tiva_C_LaunchPad/SW-EK-TM4C123GXL-2.1.4.178/driverlib/gcc/libdriver.a(sysctl.o)
 .text.SysCtlPeripheralSleepEnable
                0x0000000000000000       0x22 /home/student/eclipse-workspace/Tiva_C_LaunchPad/SW-EK-TM4C123GXL-2.1.4.178/driverlib/gcc/libdriver.a(sysctl.o)
 .text.SysCtlPeripheralSleepDisable
                0x0000000000000000       0x22 /home/student/eclipse-workspace/Tiva_C_LaunchPad/SW-EK-TM4C123GXL-2.1.4.178/driverlib/gcc/libdriver.a(sysctl.o)
 .text.SysCtlPeripheralDeepSleepEnable
                0x0000000000000000       0x22 /home/student/eclipse-workspace/Tiva_C_LaunchPad/SW-EK-TM4C123GXL-2.1.4.178/driverlib/gcc/libdriver.a(sysctl.o)
 .text.SysCtlPeripheralDeepSleepDisable
                0x0000000000000000       0x22 /home/student/eclipse-workspace/Tiva_C_LaunchPad/SW-EK-TM4C123GXL-2.1.4.178/driverlib/gcc/libdriver.a(sysctl.o)
 .text.SysCtlPeripheralClockGating
                0x0000000000000000       0x48 /home/student/eclipse-workspace/Tiva_C_LaunchPad/SW-EK-TM4C123GXL-2.1.4.178/driverlib/gcc/libdriver.a(sysctl.o)
 .text.SysCtlIntRegister
                0x0000000000000000       0x14 /home/student/eclipse-workspace/Tiva_C_LaunchPad/SW-EK-TM4C123GXL-2.1.4.178/driverlib/gcc/libdriver.a(sysctl.o)
 .text.SysCtlIntUnregister
                0x0000000000000000       0x12 /home/student/eclipse-workspace/Tiva_C_LaunchPad/SW-EK-TM4C123GXL-2.1.4.178/driverlib/gcc/libdriver.a(sysctl.o)
 .text.SysCtlIntEnable
                0x0000000000000000       0x10 /home/student/eclipse-workspace/Tiva_C_LaunchPad/SW-EK-TM4C123GXL-2.1.4.178/driverlib/gcc/libdriver.a(sysctl.o)
 .text.SysCtlIntDisable
                0x0000000000000000       0x10 /home/student/eclipse-workspace/Tiva_C_LaunchPad/SW-EK-TM4C123GXL-2.1.4.178/driverlib/gcc/libdriver.a(sysctl.o)
 .text.SysCtlIntClear
                0x0000000000000000        0xc /home/student/eclipse-workspace/Tiva_C_LaunchPad/SW-EK-TM4C123GXL-2.1.4.178/driverlib/gcc/libdriver.a(sysctl.o)
 .text.SysCtlIntStatus
                0x0000000000000000       0x14 /home/student/eclipse-workspace/Tiva_C_LaunchPad/SW-EK-TM4C123GXL-2.1.4.178/driverlib/gcc/libdriver.a(sysctl.o)
 .text.SysCtlLDOSleepSet
                0x0000000000000000        0xc /home/student/eclipse-workspace/Tiva_C_LaunchPad/SW-EK-TM4C123GXL-2.1.4.178/driverlib/gcc/libdriver.a(sysctl.o)
 .text.SysCtlLDOSleepGet
                0x0000000000000000        0xc /home/student/eclipse-workspace/Tiva_C_LaunchPad/SW-EK-TM4C123GXL-2.1.4.178/driverlib/gcc/libdriver.a(sysctl.o)
 .text.SysCtlLDODeepSleepSet
                0x0000000000000000        0xc /home/student/eclipse-workspace/Tiva_C_LaunchPad/SW-EK-TM4C123GXL-2.1.4.178/driverlib/gcc/libdriver.a(sysctl.o)
 .text.SysCtlLDODeepSleepGet
                0x0000000000000000        0xc /home/student/eclipse-workspace/Tiva_C_LaunchPad/SW-EK-TM4C123GXL-2.1.4.178/driverlib/gcc/libdriver.a(sysctl.o)
 .text.SysCtlSleepPowerSet
                0x0000000000000000        0xc /home/student/eclipse-workspace/Tiva_C_LaunchPad/SW-EK-TM4C123GXL-2.1.4.178/driverlib/gcc/libdriver.a(sysctl.o)
 .text.SysCtlDeepSleepPowerSet
                0x0000000000000000        0xc /home/student/eclipse-workspace/Tiva_C_LaunchPad/SW-EK-TM4C123GXL-2.1.4.178/driverlib/gcc/libdriver.a(sysctl.o)
 .text.SysCtlReset
                0x0000000000000000       0x10 /home/student/eclipse-workspace/Tiva_C_LaunchPad/SW-EK-TM4C123GXL-2.1.4.178/driverlib/gcc/libdriver.a(sysctl.o)
 .text.SysCtlSleep
                0x0000000000000000        0x4 /home/student/eclipse-workspace/Tiva_C_LaunchPad/SW-EK-TM4C123GXL-2.1.4.178/driverlib/gcc/libdriver.a(sysctl.o)
 .text.SysCtlDeepSleep
                0x0000000000000000       0x20 /home/student/eclipse-workspace/Tiva_C_LaunchPad/SW-EK-TM4C123GXL-2.1.4.178/driverlib/gcc/libdriver.a(sysctl.o)
 .text.SysCtlResetCauseGet
                0x0000000000000000        0xc /home/student/eclipse-workspace/Tiva_C_LaunchPad/SW-EK-TM4C123GXL-2.1.4.178/driverlib/gcc/libdriver.a(sysctl.o)
 .text.SysCtlResetCauseClear
                0x0000000000000000       0x10 /home/student/eclipse-workspace/Tiva_C_LaunchPad/SW-EK-TM4C123GXL-2.1.4.178/driverlib/gcc/libdriver.a(sysctl.o)
 .text.SysCtlDelay
                0x0000000000000000        0x8 /home/student/eclipse-workspace/Tiva_C_LaunchPad/SW-EK-TM4C123GXL-2.1.4.178/driverlib/gcc/libdriver.a(sysctl.o)
 .text.SysCtlMOSCConfigSet
                0x0000000000000000        0xc /home/student/eclipse-workspace/Tiva_C_LaunchPad/SW-EK-TM4C123GXL-2.1.4.178/driverlib/gcc/libdriver.a(sysctl.o)
 .text.SysCtlPIOSCCalibrate
                0x0000000000000000       0x48 /home/student/eclipse-workspace/Tiva_C_LaunchPad/SW-EK-TM4C123GXL-2.1.4.178/driverlib/gcc/libdriver.a(sysctl.o)
 .text.SysCtlResetBehaviorSet
                0x0000000000000000        0xc /home/student/eclipse-workspace/Tiva_C_LaunchPad/SW-EK-TM4C123GXL-2.1.4.178/driverlib/gcc/libdriver.a(sysctl.o)
 .text.SysCtlResetBehaviorGet
                0x0000000000000000        0xc /home/student/eclipse-workspace/Tiva_C_LaunchPad/SW-EK-TM4C123GXL-2.1.4.178/driverlib/gcc/libdriver.a(sysctl.o)
 .text.SysCtlClockFreqSet
                0x0000000000000000      0x248 /home/student/eclipse-workspace/Tiva_C_LaunchPad/SW-EK-TM4C123GXL-2.1.4.178/driverlib/gcc/libdriver.a(sysctl.o)
 .text.SysCtlClockSet
                0x0000000000000000      0x11c /home/student/eclipse-workspace/Tiva_C_LaunchPad/SW-EK-TM4C123GXL-2.1.4.178/driverlib/gcc/libdriver.a(sysctl.o)
 .text.SysCtlDeepSleepClockSet
                0x0000000000000000        0xc /home/student/eclipse-workspace/Tiva_C_LaunchPad/SW-EK-TM4C123GXL-2.1.4.178/driverlib/gcc/libdriver.a(sysctl.o)
 .text.SysCtlDeepSleepClockConfigSet
                0x0000000000000000       0x60 /home/student/eclipse-workspace/Tiva_C_LaunchPad/SW-EK-TM4C123GXL-2.1.4.178/driverlib/gcc/libdriver.a(sysctl.o)
 .text.SysCtlPWMClockSet
                0x0000000000000000       0x14 /home/student/eclipse-workspace/Tiva_C_LaunchPad/SW-EK-TM4C123GXL-2.1.4.178/driverlib/gcc/libdriver.a(sysctl.o)
 .text.SysCtlPWMClockGet
                0x0000000000000000       0x18 /home/student/eclipse-workspace/Tiva_C_LaunchPad/SW-EK-TM4C123GXL-2.1.4.178/driverlib/gcc/libdriver.a(sysctl.o)
 .text.SysCtlGPIOAHBEnable
                0x0000000000000000       0x18 /home/student/eclipse-workspace/Tiva_C_LaunchPad/SW-EK-TM4C123GXL-2.1.4.178/driverlib/gcc/libdriver.a(sysctl.o)
 .text.SysCtlGPIOAHBDisable
                0x0000000000000000       0x1c /home/student/eclipse-workspace/Tiva_C_LaunchPad/SW-EK-TM4C123GXL-2.1.4.178/driverlib/gcc/libdriver.a(sysctl.o)
 .text.SysCtlUSBPLLEnable
                0x0000000000000000       0x10 /home/student/eclipse-workspace/Tiva_C_LaunchPad/SW-EK-TM4C123GXL-2.1.4.178/driverlib/gcc/libdriver.a(sysctl.o)
 .text.SysCtlUSBPLLDisable
                0x0000000000000000       0x10 /home/student/eclipse-workspace/Tiva_C_LaunchPad/SW-EK-TM4C123GXL-2.1.4.178/driverlib/gcc/libdriver.a(sysctl.o)
 .text.SysCtlVoltageEventConfig
                0x0000000000000000        0xc /home/student/eclipse-workspace/Tiva_C_LaunchPad/SW-EK-TM4C123GXL-2.1.4.178/driverlib/gcc/libdriver.a(sysctl.o)
 .text.SysCtlVoltageEventStatus
                0x0000000000000000        0xc /home/student/eclipse-workspace/Tiva_C_LaunchPad/SW-EK-TM4C123GXL-2.1.4.178/driverlib/gcc/libdriver.a(sysctl.o)
 .text.SysCtlVoltageEventClear
                0x0000000000000000       0x10 /home/student/eclipse-workspace/Tiva_C_LaunchPad/SW-EK-TM4C123GXL-2.1.4.178/driverlib/gcc/libdriver.a(sysctl.o)
 .text.SysCtlVCOGet
                0x0000000000000000       0x78 /home/student/eclipse-workspace/Tiva_C_LaunchPad/SW-EK-TM4C123GXL-2.1.4.178/driverlib/gcc/libdriver.a(sysctl.o)
 .text.SysCtlNMIStatus
                0x0000000000000000        0xc /home/student/eclipse-workspace/Tiva_C_LaunchPad/SW-EK-TM4C123GXL-2.1.4.178/driverlib/gcc/libdriver.a(sysctl.o)
 .text.SysCtlNMIClear
                0x0000000000000000       0x10 /home/student/eclipse-workspace/Tiva_C_LaunchPad/SW-EK-TM4C123GXL-2.1.4.178/driverlib/gcc/libdriver.a(sysctl.o)
 .text.SysCtlClockOutConfig
                0x0000000000000000       0x10 /home/student/eclipse-workspace/Tiva_C_LaunchPad/SW-EK-TM4C123GXL-2.1.4.178/driverlib/gcc/libdriver.a(sysctl.o)
 .text.SysCtlAltClkConfig
                0x0000000000000000        0xc /home/student/eclipse-workspace/Tiva_C_LaunchPad/SW-EK-TM4C123GXL-2.1.4.178/driverlib/gcc/libdriver.a(sysctl.o)
 .rodata.g_pppui32XTALtoVCO
                0x0000000000000000      0x1b0 /home/student/eclipse-workspace/Tiva_C_LaunchPad/SW-EK-TM4C123GXL-2.1.4.178/driverlib/gcc/libdriver.a(sysctl.o)
 .rodata.g_pui32VCOFrequencies
                0x0000000000000000        0x8 /home/student/eclipse-workspace/Tiva_C_LaunchPad/SW-EK-TM4C123GXL-2.1.4.178/driverlib/gcc/libdriver.a(sysctl.o)
 .rodata.g_sXTALtoMEMTIM
                0x0000000000000000       0x30 /home/student/eclipse-workspace/Tiva_C_LaunchPad/SW-EK-TM4C123GXL-2.1.4.178/driverlib/gcc/libdriver.a(sysctl.o)
 .text          0x0000000000000000        0x0 /home/student/eclipse-workspace/Tiva_C_LaunchPad/SW-EK-TM4C123GXL-2.1.4.178/driverlib/gcc/libdriver.a(uart.o)
 .data          0x0000000000000000        0x0 /home/student/eclipse-workspace/Tiva_C_LaunchPad/SW-EK-TM4C123GXL-2.1.4.178/driverlib/gcc/libdriver.a(uart.o)
 .bss           0x0000000000000000        0x0 /home/student/eclipse-workspace/Tiva_C_LaunchPad/SW-EK-TM4C123GXL-2.1.4.178/driverlib/gcc/libdriver.a(uart.o)
 .text._UARTIntNumberGet
                0x0000000000000000       0x44 /home/student/eclipse-workspace/Tiva_C_LaunchPad/SW-EK-TM4C123GXL-2.1.4.178/driverlib/gcc/libdriver.a(uart.o)
 .text.UARTParityModeSet
                0x0000000000000000        0xc /home/student/eclipse-workspace/Tiva_C_LaunchPad/SW-EK-TM4C123GXL-2.1.4.178/driverlib/gcc/libdriver.a(uart.o)
 .text.UARTParityModeGet
                0x0000000000000000        0x8 /home/student/eclipse-workspace/Tiva_C_LaunchPad/SW-EK-TM4C123GXL-2.1.4.178/driverlib/gcc/libdriver.a(uart.o)
 .text.UARTFIFOLevelSet
                0x0000000000000000        0x6 /home/student/eclipse-workspace/Tiva_C_LaunchPad/SW-EK-TM4C123GXL-2.1.4.178/driverlib/gcc/libdriver.a(uart.o)
 .text.UARTFIFOLevelGet
                0x0000000000000000       0x10 /home/student/eclipse-workspace/Tiva_C_LaunchPad/SW-EK-TM4C123GXL-2.1.4.178/driverlib/gcc/libdriver.a(uart.o)
 .text.UARTConfigGetExpClk
                0x0000000000000000       0x28 /home/student/eclipse-workspace/Tiva_C_LaunchPad/SW-EK-TM4C123GXL-2.1.4.178/driverlib/gcc/libdriver.a(uart.o)
 .text.UARTFIFOEnable
                0x0000000000000000        0xa /home/student/eclipse-workspace/Tiva_C_LaunchPad/SW-EK-TM4C123GXL-2.1.4.178/driverlib/gcc/libdriver.a(uart.o)
 .text.UARTFIFODisable
                0x0000000000000000        0xa /home/student/eclipse-workspace/Tiva_C_LaunchPad/SW-EK-TM4C123GXL-2.1.4.178/driverlib/gcc/libdriver.a(uart.o)
 .text.UARTEnableSIR
                0x0000000000000000       0x12 /home/student/eclipse-workspace/Tiva_C_LaunchPad/SW-EK-TM4C123GXL-2.1.4.178/driverlib/gcc/libdriver.a(uart.o)
 .text.UARTDisableSIR
                0x0000000000000000        0xa /home/student/eclipse-workspace/Tiva_C_LaunchPad/SW-EK-TM4C123GXL-2.1.4.178/driverlib/gcc/libdriver.a(uart.o)
 .text.UARTSmartCardEnable
                0x0000000000000000       0x16 /home/student/eclipse-workspace/Tiva_C_LaunchPad/SW-EK-TM4C123GXL-2.1.4.178/driverlib/gcc/libdriver.a(uart.o)
 .text.UARTSmartCardDisable
                0x0000000000000000        0xa /home/student/eclipse-workspace/Tiva_C_LaunchPad/SW-EK-TM4C123GXL-2.1.4.178/driverlib/gcc/libdriver.a(uart.o)
 .text.UARTModemControlSet
                0x0000000000000000        0xc /home/student/eclipse-workspace/Tiva_C_LaunchPad/SW-EK-TM4C123GXL-2.1.4.178/driverlib/gcc/libdriver.a(uart.o)
 .text.UARTModemControlClear
                0x0000000000000000        0xe /home/student/eclipse-workspace/Tiva_C_LaunchPad/SW-EK-TM4C123GXL-2.1.4.178/driverlib/gcc/libdriver.a(uart.o)
 .text.UARTModemControlGet
                0x0000000000000000        0x8 /home/student/eclipse-workspace/Tiva_C_LaunchPad/SW-EK-TM4C123GXL-2.1.4.178/driverlib/gcc/libdriver.a(uart.o)
 .text.UARTModemStatusGet
                0x0000000000000000        0xa /home/student/eclipse-workspace/Tiva_C_LaunchPad/SW-EK-TM4C123GXL-2.1.4.178/driverlib/gcc/libdriver.a(uart.o)
 .text.UARTFlowControlSet
                0x0000000000000000        0xc /home/student/eclipse-workspace/Tiva_C_LaunchPad/SW-EK-TM4C123GXL-2.1.4.178/driverlib/gcc/libdriver.a(uart.o)
 .text.UARTFlowControlGet
                0x0000000000000000        0x8 /home/student/eclipse-workspace/Tiva_C_LaunchPad/SW-EK-TM4C123GXL-2.1.4.178/driverlib/gcc/libdriver.a(uart.o)
 .text.UARTTxIntModeSet
                0x0000000000000000        0xc /home/student/eclipse-workspace/Tiva_C_LaunchPad/SW-EK-TM4C123GXL-2.1.4.178/driverlib/gcc/libdriver.a(uart.o)
 .text.UARTTxIntModeGet
                0x0000000000000000        0x8 /home/student/eclipse-workspace/Tiva_C_LaunchPad/SW-EK-TM4C123GXL-2.1.4.178/driverlib/gcc/libdriver.a(uart.o)
 .text.UARTCharsAvail
                0x0000000000000000        0xc /home/student/eclipse-workspace/Tiva_C_LaunchPad/SW-EK-TM4C123GXL-2.1.4.178/driverlib/gcc/libdriver.a(uart.o)
 .text.UARTSpaceAvail
                0x0000000000000000        0xc /home/student/eclipse-workspace/Tiva_C_LaunchPad/SW-EK-TM4C123GXL-2.1.4.178/driverlib/gcc/libdriver.a(uart.o)
 .text.UARTCharGetNonBlocking
                0x0000000000000000        0xe /home/student/eclipse-workspace/Tiva_C_LaunchPad/SW-EK-TM4C123GXL-2.1.4.178/driverlib/gcc/libdriver.a(uart.o)
 .text.UARTCharGet
                0x0000000000000000        0xa /home/student/eclipse-workspace/Tiva_C_LaunchPad/SW-EK-TM4C123GXL-2.1.4.178/driverlib/gcc/libdriver.a(uart.o)
 .text.UARTCharPutNonBlocking
                0x0000000000000000       0x10 /home/student/eclipse-workspace/Tiva_C_LaunchPad/SW-EK-TM4C123GXL-2.1.4.178/driverlib/gcc/libdriver.a(uart.o)
 .text.UARTBreakCtl
                0x0000000000000000       0x16 /home/student/eclipse-workspace/Tiva_C_LaunchPad/SW-EK-TM4C123GXL-2.1.4.178/driverlib/gcc/libdriver.a(uart.o)
 .text.UARTBusy
                0x0000000000000000        0x8 /home/student/eclipse-workspace/Tiva_C_LaunchPad/SW-EK-TM4C123GXL-2.1.4.178/driverlib/gcc/libdriver.a(uart.o)
 .text.UARTIntRegister
                0x0000000000000000       0x1a /home/student/eclipse-workspace/Tiva_C_LaunchPad/SW-EK-TM4C123GXL-2.1.4.178/driverlib/gcc/libdriver.a(uart.o)
 .text.UARTIntUnregister
                0x0000000000000000       0x16 /home/student/eclipse-workspace/Tiva_C_LaunchPad/SW-EK-TM4C123GXL-2.1.4.178/driverlib/gcc/libdriver.a(uart.o)
 .text.UARTIntEnable
                0x0000000000000000        0x8 /home/student/eclipse-workspace/Tiva_C_LaunchPad/SW-EK-TM4C123GXL-2.1.4.178/driverlib/gcc/libdriver.a(uart.o)
 .text.UARTIntDisable
                0x0000000000000000        0xa /home/student/eclipse-workspace/Tiva_C_LaunchPad/SW-EK-TM4C123GXL-2.1.4.178/driverlib/gcc/libdriver.a(uart.o)
 .text.UARTIntStatus
                0x0000000000000000        0xa /home/student/eclipse-workspace/Tiva_C_LaunchPad/SW-EK-TM4C123GXL-2.1.4.178/driverlib/gcc/libdriver.a(uart.o)
 .text.UARTIntClear
                0x0000000000000000        0x4 /home/student/eclipse-workspace/Tiva_C_LaunchPad/SW-EK-TM4C123GXL-2.1.4.178/driverlib/gcc/libdriver.a(uart.o)
 .text.UARTDMAEnable
                0x0000000000000000        0x8 /home/student/eclipse-workspace/Tiva_C_LaunchPad/SW-EK-TM4C123GXL-2.1.4.178/driverlib/gcc/libdriver.a(uart.o)
 .text.UARTDMADisable
                0x0000000000000000        0xa /home/student/eclipse-workspace/Tiva_C_LaunchPad/SW-EK-TM4C123GXL-2.1.4.178/driverlib/gcc/libdriver.a(uart.o)
 .text.UARTRxErrorGet
                0x0000000000000000        0x8 /home/student/eclipse-workspace/Tiva_C_LaunchPad/SW-EK-TM4C123GXL-2.1.4.178/driverlib/gcc/libdriver.a(uart.o)
 .text.UARTRxErrorClear
                0x0000000000000000        0x6 /home/student/eclipse-workspace/Tiva_C_LaunchPad/SW-EK-TM4C123GXL-2.1.4.178/driverlib/gcc/libdriver.a(uart.o)
 .text.UARTClockSourceSet
                0x0000000000000000        0x6 /home/student/eclipse-workspace/Tiva_C_LaunchPad/SW-EK-TM4C123GXL-2.1.4.178/driverlib/gcc/libdriver.a(uart.o)
 .text.UARTClockSourceGet
                0x0000000000000000        0x6 /home/student/eclipse-workspace/Tiva_C_LaunchPad/SW-EK-TM4C123GXL-2.1.4.178/driverlib/gcc/libdriver.a(uart.o)
 .text.UART9BitEnable
                0x0000000000000000        0xe /home/student/eclipse-workspace/Tiva_C_LaunchPad/SW-EK-TM4C123GXL-2.1.4.178/driverlib/gcc/libdriver.a(uart.o)
 .text.UART9BitDisable
                0x0000000000000000        0xe /home/student/eclipse-workspace/Tiva_C_LaunchPad/SW-EK-TM4C123GXL-2.1.4.178/driverlib/gcc/libdriver.a(uart.o)
 .text.UART9BitAddrSet
                0x0000000000000000        0xa /home/student/eclipse-workspace/Tiva_C_LaunchPad/SW-EK-TM4C123GXL-2.1.4.178/driverlib/gcc/libdriver.a(uart.o)
 .text.UART9BitAddrSend
                0x0000000000000000       0x2c /home/student/eclipse-workspace/Tiva_C_LaunchPad/SW-EK-TM4C123GXL-2.1.4.178/driverlib/gcc/libdriver.a(uart.o)
 .text.UARTLoopbackEnable
                0x0000000000000000        0xa /home/student/eclipse-workspace/Tiva_C_LaunchPad/SW-EK-TM4C123GXL-2.1.4.178/driverlib/gcc/libdriver.a(uart.o)
 .rodata.g_ppui32UARTIntMap
                0x0000000000000000       0x40 /home/student/eclipse-workspace/Tiva_C_LaunchPad/SW-EK-TM4C123GXL-2.1.4.178/driverlib/gcc/libdriver.a(uart.o)
 .rodata.g_ppui32UARTIntMapSnowflake
                0x0000000000000000       0x40 /home/student/eclipse-workspace/Tiva_C_LaunchPad/SW-EK-TM4C123GXL-2.1.4.178/driverlib/gcc/libdriver.a(uart.o)
 .text          0x0000000000000000        0x0 /home/student/eclipse-workspace/Tiva_C_LaunchPad/SW-EK-TM4C123GXL-2.1.4.178/driverlib/gcc/libdriver.a(cpu.o)
 .data          0x0000000000000000        0x0 /home/student/eclipse-workspace/Tiva_C_LaunchPad/SW-EK-TM4C123GXL-2.1.4.178/driverlib/gcc/libdriver.a(cpu.o)
 .bss           0x0000000000000000        0x0 /home/student/eclipse-workspace/Tiva_C_LaunchPad/SW-EK-TM4C123GXL-2.1.4.178/driverlib/gcc/libdriver.a(cpu.o)
 .text.CPUcpsid
                0x0000000000000000        0x8 /home/student/eclipse-workspace/Tiva_C_LaunchPad/SW-EK-TM4C123GXL-2.1.4.178/driverlib/gcc/libdriver.a(cpu.o)
 .text.CPUprimask
                0x0000000000000000        0x6 /home/student/eclipse-workspace/Tiva_C_LaunchPad/SW-EK-TM4C123GXL-2.1.4.178/driverlib/gcc/libdriver.a(cpu.o)
 .text.CPUcpsie
                0x0000000000000000        0x8 /home/student/eclipse-workspace/Tiva_C_LaunchPad/SW-EK-TM4C123GXL-2.1.4.178/driverlib/gcc/libdriver.a(cpu.o)
 .text.CPUwfi   0x0000000000000000        0x4 /home/student/eclipse-workspace/Tiva_C_LaunchPad/SW-EK-TM4C123GXL-2.1.4.178/driverlib/gcc/libdriver.a(cpu.o)
 .text.CPUbasepriSet
                0x0000000000000000        0x6 /home/student/eclipse-workspace/Tiva_C_LaunchPad/SW-EK-TM4C123GXL-2.1.4.178/driverlib/gcc/libdriver.a(cpu.o)
 .text.CPUbasepriGet
                0x0000000000000000        0x6 /home/student/eclipse-workspace/Tiva_C_LaunchPad/SW-EK-TM4C123GXL-2.1.4.178/driverlib/gcc/libdriver.a(cpu.o)
 .comment       0x0000000000000000       0x71 /home/student/eclipse-workspace/Tiva_C_LaunchPad/SW-EK-TM4C123GXL-2.1.4.178/driverlib/gcc/libdriver.a(cpu.o)
 .ARM.attributes
                0x0000000000000000       0x3b /home/student/eclipse-workspace/Tiva_C_LaunchPad/SW-EK-TM4C123GXL-2.1.4.178/driverlib/gcc/libdriver.a(cpu.o)
 .data          0x0000000000000000        0x0 /usr/lib/gcc/arm-none-eabi/5.4.1/armv7e-m/fpu/libgcc.a(_arm_addsubdf3.o)
 .bss           0x0000000000000000        0x0 /usr/lib/gcc/arm-none-eabi/5.4.1/armv7e-m/fpu/libgcc.a(_arm_addsubdf3.o)
 .data          0x0000000000000000        0x0 /usr/lib/gcc/arm-none-eabi/5.4.1/armv7e-m/fpu/libgcc.a(_arm_muldivdf3.o)
 .bss           0x0000000000000000        0x0 /usr/lib/gcc/arm-none-eabi/5.4.1/armv7e-m/fpu/libgcc.a(_arm_muldivdf3.o)
 .data          0x0000000000000000        0x0 /usr/lib/gcc/arm-none-eabi/5.4.1/armv7e-m/fpu/libgcc.a(_arm_truncdfsf2.o)
 .bss           0x0000000000000000        0x0 /usr/lib/gcc/arm-none-eabi/5.4.1/armv7e-m/fpu/libgcc.a(_arm_truncdfsf2.o)
 .text          0x0000000000000000        0xc /usr/lib/gcc/arm-none-eabi/5.4.1/../../../arm-none-eabi/lib/armv7e-m/fpu/libg.a(lib_a-atexit.o)
 .data          0x0000000000000000        0x0 /usr/lib/gcc/arm-none-eabi/5.4.1/../../../arm-none-eabi/lib/armv7e-m/fpu/libg.a(lib_a-atexit.o)
 .bss           0x0000000000000000        0x0 /usr/lib/gcc/arm-none-eabi/5.4.1/../../../arm-none-eabi/lib/armv7e-m/fpu/libg.a(lib_a-atexit.o)
 .debug_info    0x0000000000000000       0xfe /usr/lib/gcc/arm-none-eabi/5.4.1/../../../arm-none-eabi/lib/armv7e-m/fpu/libg.a(lib_a-atexit.o)
 .debug_abbrev  0x0000000000000000       0xaa /usr/lib/gcc/arm-none-eabi/5.4.1/../../../arm-none-eabi/lib/armv7e-m/fpu/libg.a(lib_a-atexit.o)
 .debug_loc     0x0000000000000000       0x2c /usr/lib/gcc/arm-none-eabi/5.4.1/../../../arm-none-eabi/lib/armv7e-m/fpu/libg.a(lib_a-atexit.o)
 .debug_aranges
                0x0000000000000000       0x20 /usr/lib/gcc/arm-none-eabi/5.4.1/../../../arm-none-eabi/lib/armv7e-m/fpu/libg.a(lib_a-atexit.o)
 .debug_line    0x0000000000000000       0xb8 /usr/lib/gcc/arm-none-eabi/5.4.1/../../../arm-none-eabi/lib/armv7e-m/fpu/libg.a(lib_a-atexit.o)
 .debug_str     0x0000000000000000      0x21a /usr/lib/gcc/arm-none-eabi/5.4.1/../../../arm-none-eabi/lib/armv7e-m/fpu/libg.a(lib_a-atexit.o)
 .comment       0x0000000000000000       0x2c /usr/lib/gcc/arm-none-eabi/5.4.1/../../../arm-none-eabi/lib/armv7e-m/fpu/libg.a(lib_a-atexit.o)
 .debug_frame   0x0000000000000000       0x20 /usr/lib/gcc/arm-none-eabi/5.4.1/../../../arm-none-eabi/lib/armv7e-m/fpu/libg.a(lib_a-atexit.o)
 .ARM.attributes
                0x0000000000000000       0x34 /usr/lib/gcc/arm-none-eabi/5.4.1/../../../arm-none-eabi/lib/armv7e-m/fpu/libg.a(lib_a-atexit.o)
 .text          0x0000000000000000       0x20 /usr/lib/gcc/arm-none-eabi/5.4.1/../../../arm-none-eabi/lib/armv7e-m/fpu/libg.a(lib_a-exit.o)
 .data          0x0000000000000000        0x0 /usr/lib/gcc/arm-none-eabi/5.4.1/../../../arm-none-eabi/lib/armv7e-m/fpu/libg.a(lib_a-exit.o)
 .bss           0x0000000000000000        0x0 /usr/lib/gcc/arm-none-eabi/5.4.1/../../../arm-none-eabi/lib/armv7e-m/fpu/libg.a(lib_a-exit.o)
 .debug_info    0x0000000000000000      0x8de /usr/lib/gcc/arm-none-eabi/5.4.1/../../../arm-none-eabi/lib/armv7e-m/fpu/libg.a(lib_a-exit.o)
 .debug_abbrev  0x0000000000000000      0x1d6 /usr/lib/gcc/arm-none-eabi/5.4.1/../../../arm-none-eabi/lib/armv7e-m/fpu/libg.a(lib_a-exit.o)
 .debug_loc     0x0000000000000000       0x1e /usr/lib/gcc/arm-none-eabi/5.4.1/../../../arm-none-eabi/lib/armv7e-m/fpu/libg.a(lib_a-exit.o)
 .debug_aranges
                0x0000000000000000       0x20 /usr/lib/gcc/arm-none-eabi/5.4.1/../../../arm-none-eabi/lib/armv7e-m/fpu/libg.a(lib_a-exit.o)
 .debug_line    0x0000000000000000      0x162 /usr/lib/gcc/arm-none-eabi/5.4.1/../../../arm-none-eabi/lib/armv7e-m/fpu/libg.a(lib_a-exit.o)
 .debug_str     0x0000000000000000      0x5b7 /usr/lib/gcc/arm-none-eabi/5.4.1/../../../arm-none-eabi/lib/armv7e-m/fpu/libg.a(lib_a-exit.o)
 .comment       0x0000000000000000       0x2c /usr/lib/gcc/arm-none-eabi/5.4.1/../../../arm-none-eabi/lib/armv7e-m/fpu/libg.a(lib_a-exit.o)
 .debug_frame   0x0000000000000000       0x28 /usr/lib/gcc/arm-none-eabi/5.4.1/../../../arm-none-eabi/lib/armv7e-m/fpu/libg.a(lib_a-exit.o)
 .ARM.attributes
                0x0000000000000000       0x34 /usr/lib/gcc/arm-none-eabi/5.4.1/../../../arm-none-eabi/lib/armv7e-m/fpu/libg.a(lib_a-exit.o)
 .text          0x0000000000000000       0x28 /usr/lib/gcc/arm-none-eabi/5.4.1/../../../arm-none-eabi/lib/armv7e-m/fpu/libg.a(lib_a-fini.o)
 .data          0x0000000000000000        0x0 /usr/lib/gcc/arm-none-eabi/5.4.1/../../../arm-none-eabi/lib/armv7e-m/fpu/libg.a(lib_a-fini.o)
 .bss           0x0000000000000000        0x0 /usr/lib/gcc/arm-none-eabi/5.4.1/../../../arm-none-eabi/lib/armv7e-m/fpu/libg.a(lib_a-fini.o)
 .debug_info    0x0000000000000000       0xfa /usr/lib/gcc/arm-none-eabi/5.4.1/../../../arm-none-eabi/lib/armv7e-m/fpu/libg.a(lib_a-fini.o)
 .debug_abbrev  0x0000000000000000       0xbd /usr/lib/gcc/arm-none-eabi/5.4.1/../../../arm-none-eabi/lib/armv7e-m/fpu/libg.a(lib_a-fini.o)
 .debug_loc     0x0000000000000000       0x5c /usr/lib/gcc/arm-none-eabi/5.4.1/../../../arm-none-eabi/lib/armv7e-m/fpu/libg.a(lib_a-fini.o)
 .debug_aranges
                0x0000000000000000       0x20 /usr/lib/gcc/arm-none-eabi/5.4.1/../../../arm-none-eabi/lib/armv7e-m/fpu/libg.a(lib_a-fini.o)
 .debug_line    0x0000000000000000       0x9f /usr/lib/gcc/arm-none-eabi/5.4.1/../../../arm-none-eabi/lib/armv7e-m/fpu/libg.a(lib_a-fini.o)
 .debug_str     0x0000000000000000      0x212 /usr/lib/gcc/arm-none-eabi/5.4.1/../../../arm-none-eabi/lib/armv7e-m/fpu/libg.a(lib_a-fini.o)
 .comment       0x0000000000000000       0x2c /usr/lib/gcc/arm-none-eabi/5.4.1/../../../arm-none-eabi/lib/armv7e-m/fpu/libg.a(lib_a-fini.o)
 .debug_frame   0x0000000000000000       0x34 /usr/lib/gcc/arm-none-eabi/5.4.1/../../../arm-none-eabi/lib/armv7e-m/fpu/libg.a(lib_a-fini.o)
 .ARM.attributes
                0x0000000000000000       0x34 /usr/lib/gcc/arm-none-eabi/5.4.1/../../../arm-none-eabi/lib/armv7e-m/fpu/libg.a(lib_a-fini.o)
 .text          0x0000000000000000        0x0 /usr/lib/gcc/arm-none-eabi/5.4.1/../../../arm-none-eabi/lib/armv7e-m/fpu/libg.a(lib_a-impure.o)
 .data          0x0000000000000000      0x430 /usr/lib/gcc/arm-none-eabi/5.4.1/../../../arm-none-eabi/lib/armv7e-m/fpu/libg.a(lib_a-impure.o)
 .bss           0x0000000000000000        0x0 /usr/lib/gcc/arm-none-eabi/5.4.1/../../../arm-none-eabi/lib/armv7e-m/fpu/libg.a(lib_a-impure.o)
 .rodata        0x0000000000000000        0x4 /usr/lib/gcc/arm-none-eabi/5.4.1/../../../arm-none-eabi/lib/armv7e-m/fpu/libg.a(lib_a-impure.o)
 .rodata.str1.4
                0x0000000000000000        0x2 /usr/lib/gcc/arm-none-eabi/5.4.1/../../../arm-none-eabi/lib/armv7e-m/fpu/libg.a(lib_a-impure.o)
 .debug_info    0x0000000000000000      0x89b /usr/lib/gcc/arm-none-eabi/5.4.1/../../../arm-none-eabi/lib/armv7e-m/fpu/libg.a(lib_a-impure.o)
 .debug_abbrev  0x0000000000000000      0x180 /usr/lib/gcc/arm-none-eabi/5.4.1/../../../arm-none-eabi/lib/armv7e-m/fpu/libg.a(lib_a-impure.o)
 .debug_aranges
                0x0000000000000000       0x18 /usr/lib/gcc/arm-none-eabi/5.4.1/../../../arm-none-eabi/lib/armv7e-m/fpu/libg.a(lib_a-impure.o)
 .debug_line    0x0000000000000000       0xe9 /usr/lib/gcc/arm-none-eabi/5.4.1/../../../arm-none-eabi/lib/armv7e-m/fpu/libg.a(lib_a-impure.o)
 .debug_str     0x0000000000000000      0x5ae /usr/lib/gcc/arm-none-eabi/5.4.1/../../../arm-none-eabi/lib/armv7e-m/fpu/libg.a(lib_a-impure.o)
 .comment       0x0000000000000000       0x2c /usr/lib/gcc/arm-none-eabi/5.4.1/../../../arm-none-eabi/lib/armv7e-m/fpu/libg.a(lib_a-impure.o)
 .ARM.attributes
                0x0000000000000000       0x34 /usr/lib/gcc/arm-none-eabi/5.4.1/../../../arm-none-eabi/lib/armv7e-m/fpu/libg.a(lib_a-impure.o)
 .text          0x0000000000000000       0x50 /usr/lib/gcc/arm-none-eabi/5.4.1/../../../arm-none-eabi/lib/armv7e-m/fpu/libg.a(lib_a-init.o)
 .data          0x0000000000000000        0x0 /usr/lib/gcc/arm-none-eabi/5.4.1/../../../arm-none-eabi/lib/armv7e-m/fpu/libg.a(lib_a-init.o)
 .bss           0x0000000000000000        0x0 /usr/lib/gcc/arm-none-eabi/5.4.1/../../../arm-none-eabi/lib/armv7e-m/fpu/libg.a(lib_a-init.o)
 .debug_info    0x0000000000000000      0x110 /usr/lib/gcc/arm-none-eabi/5.4.1/../../../arm-none-eabi/lib/armv7e-m/fpu/libg.a(lib_a-init.o)
 .debug_abbrev  0x0000000000000000       0xba /usr/lib/gcc/arm-none-eabi/5.4.1/../../../arm-none-eabi/lib/armv7e-m/fpu/libg.a(lib_a-init.o)
 .debug_loc     0x0000000000000000       0xae /usr/lib/gcc/arm-none-eabi/5.4.1/../../../arm-none-eabi/lib/armv7e-m/fpu/libg.a(lib_a-init.o)
 .debug_aranges
                0x0000000000000000       0x20 /usr/lib/gcc/arm-none-eabi/5.4.1/../../../arm-none-eabi/lib/armv7e-m/fpu/libg.a(lib_a-init.o)
 .debug_line    0x0000000000000000       0xb8 /usr/lib/gcc/arm-none-eabi/5.4.1/../../../arm-none-eabi/lib/armv7e-m/fpu/libg.a(lib_a-init.o)
 .debug_str     0x0000000000000000      0x23c /usr/lib/gcc/arm-none-eabi/5.4.1/../../../arm-none-eabi/lib/armv7e-m/fpu/libg.a(lib_a-init.o)
 .comment       0x0000000000000000       0x2c /usr/lib/gcc/arm-none-eabi/5.4.1/../../../arm-none-eabi/lib/armv7e-m/fpu/libg.a(lib_a-init.o)
 .debug_frame   0x0000000000000000       0x2c /usr/lib/gcc/arm-none-eabi/5.4.1/../../../arm-none-eabi/lib/armv7e-m/fpu/libg.a(lib_a-init.o)
 .ARM.attributes
                0x0000000000000000       0x34 /usr/lib/gcc/arm-none-eabi/5.4.1/../../../arm-none-eabi/lib/armv7e-m/fpu/libg.a(lib_a-init.o)
 .text          0x0000000000000000       0x9c /usr/lib/gcc/arm-none-eabi/5.4.1/../../../arm-none-eabi/lib/armv7e-m/fpu/libg.a(lib_a-memset.o)
 .data          0x0000000000000000        0x0 /usr/lib/gcc/arm-none-eabi/5.4.1/../../../arm-none-eabi/lib/armv7e-m/fpu/libg.a(lib_a-memset.o)
 .bss           0x0000000000000000        0x0 /usr/lib/gcc/arm-none-eabi/5.4.1/../../../arm-none-eabi/lib/armv7e-m/fpu/libg.a(lib_a-memset.o)
 .debug_info    0x0000000000000000      0x11e /usr/lib/gcc/arm-none-eabi/5.4.1/../../../arm-none-eabi/lib/armv7e-m/fpu/libg.a(lib_a-memset.o)
 .debug_abbrev  0x0000000000000000       0x9f /usr/lib/gcc/arm-none-eabi/5.4.1/../../../arm-none-eabi/lib/armv7e-m/fpu/libg.a(lib_a-memset.o)
 .debug_loc     0x0000000000000000      0x1ae /usr/lib/gcc/arm-none-eabi/5.4.1/../../../arm-none-eabi/lib/armv7e-m/fpu/libg.a(lib_a-memset.o)
 .debug_aranges
                0x0000000000000000       0x20 /usr/lib/gcc/arm-none-eabi/5.4.1/../../../arm-none-eabi/lib/armv7e-m/fpu/libg.a(lib_a-memset.o)
 .debug_line    0x0000000000000000      0x111 /usr/lib/gcc/arm-none-eabi/5.4.1/../../../arm-none-eabi/lib/armv7e-m/fpu/libg.a(lib_a-memset.o)
 .debug_str     0x0000000000000000      0x1f1 /usr/lib/gcc/arm-none-eabi/5.4.1/../../../arm-none-eabi/lib/armv7e-m/fpu/libg.a(lib_a-memset.o)
 .comment       0x0000000000000000       0x2c /usr/lib/gcc/arm-none-eabi/5.4.1/../../../arm-none-eabi/lib/armv7e-m/fpu/libg.a(lib_a-memset.o)
 .debug_frame   0x0000000000000000       0x34 /usr/lib/gcc/arm-none-eabi/5.4.1/../../../arm-none-eabi/lib/armv7e-m/fpu/libg.a(lib_a-memset.o)
 .ARM.attributes
                0x0000000000000000       0x34 /usr/lib/gcc/arm-none-eabi/5.4.1/../../../arm-none-eabi/lib/armv7e-m/fpu/libg.a(lib_a-memset.o)
 .text          0x0000000000000000       0xa4 /usr/lib/gcc/arm-none-eabi/5.4.1/../../../arm-none-eabi/lib/armv7e-m/fpu/libg.a(lib_a-__atexit.o)
 .data          0x0000000000000000        0x0 /usr/lib/gcc/arm-none-eabi/5.4.1/../../../arm-none-eabi/lib/armv7e-m/fpu/libg.a(lib_a-__atexit.o)
 .bss           0x0000000000000000        0x0 /usr/lib/gcc/arm-none-eabi/5.4.1/../../../arm-none-eabi/lib/armv7e-m/fpu/libg.a(lib_a-__atexit.o)
 .debug_info    0x0000000000000000      0x92e /usr/lib/gcc/arm-none-eabi/5.4.1/../../../arm-none-eabi/lib/armv7e-m/fpu/libg.a(lib_a-__atexit.o)
 .debug_abbrev  0x0000000000000000      0x20f /usr/lib/gcc/arm-none-eabi/5.4.1/../../../arm-none-eabi/lib/armv7e-m/fpu/libg.a(lib_a-__atexit.o)
 .debug_loc     0x0000000000000000      0x197 /usr/lib/gcc/arm-none-eabi/5.4.1/../../../arm-none-eabi/lib/armv7e-m/fpu/libg.a(lib_a-__atexit.o)
 .debug_aranges
                0x0000000000000000       0x20 /usr/lib/gcc/arm-none-eabi/5.4.1/../../../arm-none-eabi/lib/armv7e-m/fpu/libg.a(lib_a-__atexit.o)
 .debug_line    0x0000000000000000      0x184 /usr/lib/gcc/arm-none-eabi/5.4.1/../../../arm-none-eabi/lib/armv7e-m/fpu/libg.a(lib_a-__atexit.o)
 .debug_str     0x0000000000000000      0x5ef /usr/lib/gcc/arm-none-eabi/5.4.1/../../../arm-none-eabi/lib/armv7e-m/fpu/libg.a(lib_a-__atexit.o)
 .comment       0x0000000000000000       0x2c /usr/lib/gcc/arm-none-eabi/5.4.1/../../../arm-none-eabi/lib/armv7e-m/fpu/libg.a(lib_a-__atexit.o)
 .debug_frame   0x0000000000000000       0x34 /usr/lib/gcc/arm-none-eabi/5.4.1/../../../arm-none-eabi/lib/armv7e-m/fpu/libg.a(lib_a-__atexit.o)
 .ARM.attributes
                0x0000000000000000       0x34 /usr/lib/gcc/arm-none-eabi/5.4.1/../../../arm-none-eabi/lib/armv7e-m/fpu/libg.a(lib_a-__atexit.o)
 .text          0x0000000000000000       0xd8 /usr/lib/gcc/arm-none-eabi/5.4.1/../../../arm-none-eabi/lib/armv7e-m/fpu/libg.a(lib_a-__call_atexit.o)
 .data          0x0000000000000000        0x0 /usr/lib/gcc/arm-none-eabi/5.4.1/../../../arm-none-eabi/lib/armv7e-m/fpu/libg.a(lib_a-__call_atexit.o)
 .bss           0x0000000000000000        0x0 /usr/lib/gcc/arm-none-eabi/5.4.1/../../../arm-none-eabi/lib/armv7e-m/fpu/libg.a(lib_a-__call_atexit.o)
 .text.startup  0x0000000000000000       0x14 /usr/lib/gcc/arm-none-eabi/5.4.1/../../../arm-none-eabi/lib/armv7e-m/fpu/libg.a(lib_a-__call_atexit.o)
 .init_array.00000
                0x0000000000000000        0x4 /usr/lib/gcc/arm-none-eabi/5.4.1/../../../arm-none-eabi/lib/armv7e-m/fpu/libg.a(lib_a-__call_atexit.o)
 .debug_info    0x0000000000000000      0x9a5 /usr/lib/gcc/arm-none-eabi/5.4.1/../../../arm-none-eabi/lib/armv7e-m/fpu/libg.a(lib_a-__call_atexit.o)
 .debug_abbrev  0x0000000000000000      0x270 /usr/lib/gcc/arm-none-eabi/5.4.1/../../../arm-none-eabi/lib/armv7e-m/fpu/libg.a(lib_a-__call_atexit.o)
 .debug_loc     0x0000000000000000      0x17b /usr/lib/gcc/arm-none-eabi/5.4.1/../../../arm-none-eabi/lib/armv7e-m/fpu/libg.a(lib_a-__call_atexit.o)
 .debug_aranges
                0x0000000000000000       0x28 /usr/lib/gcc/arm-none-eabi/5.4.1/../../../arm-none-eabi/lib/armv7e-m/fpu/libg.a(lib_a-__call_atexit.o)
 .debug_ranges  0x0000000000000000       0x38 /usr/lib/gcc/arm-none-eabi/5.4.1/../../../arm-none-eabi/lib/armv7e-m/fpu/libg.a(lib_a-__call_atexit.o)
 .debug_line    0x0000000000000000      0x1b0 /usr/lib/gcc/arm-none-eabi/5.4.1/../../../arm-none-eabi/lib/armv7e-m/fpu/libg.a(lib_a-__call_atexit.o)
 .debug_str     0x0000000000000000      0x60e /usr/lib/gcc/arm-none-eabi/5.4.1/../../../arm-none-eabi/lib/armv7e-m/fpu/libg.a(lib_a-__call_atexit.o)
 .comment       0x0000000000000000       0x2c /usr/lib/gcc/arm-none-eabi/5.4.1/../../../arm-none-eabi/lib/armv7e-m/fpu/libg.a(lib_a-__call_atexit.o)
 .debug_frame   0x0000000000000000       0x50 /usr/lib/gcc/arm-none-eabi/5.4.1/../../../arm-none-eabi/lib/armv7e-m/fpu/libg.a(lib_a-__call_atexit.o)
 .ARM.attributes
                0x0000000000000000       0x34 /usr/lib/gcc/arm-none-eabi/5.4.1/../../../arm-none-eabi/lib/armv7e-m/fpu/libg.a(lib_a-__call_atexit.o)
 .text          0x0000000000000000        0x0 /usr/lib/gcc/arm-none-eabi/5.4.1/armv7e-m/fpu/crtend.o
 .data          0x0000000000000000        0x0 /usr/lib/gcc/arm-none-eabi/5.4.1/armv7e-m/fpu/crtend.o
 .bss           0x0000000000000000        0x0 /usr/lib/gcc/arm-none-eabi/5.4.1/armv7e-m/fpu/crtend.o
 .eh_frame      0x0000000000000000        0x4 /usr/lib/gcc/arm-none-eabi/5.4.1/armv7e-m/fpu/crtend.o
 .jcr           0x0000000000000000        0x4 /usr/lib/gcc/arm-none-eabi/5.4.1/armv7e-m/fpu/crtend.o
 .tm_clone_table
                0x0000000000000000        0x0 /usr/lib/gcc/arm-none-eabi/5.4.1/armv7e-m/fpu/crtend.o
 .comment       0x0000000000000000       0x2c /usr/lib/gcc/arm-none-eabi/5.4.1/armv7e-m/fpu/crtend.o
 .ARM.attributes
                0x0000000000000000       0x34 /usr/lib/gcc/arm-none-eabi/5.4.1/armv7e-m/fpu/crtend.o
 .text          0x0000000000000000        0x0 /usr/lib/gcc/arm-none-eabi/5.4.1/armv7e-m/fpu/crtn.o
 .data          0x0000000000000000        0x0 /usr/lib/gcc/arm-none-eabi/5.4.1/armv7e-m/fpu/crtn.o
 .bss           0x0000000000000000        0x0 /usr/lib/gcc/arm-none-eabi/5.4.1/armv7e-m/fpu/crtn.o

Memory Configuration

Name             Origin             Length             Attributes
FLASH            0x0000000000000000 0x0000000000040000 xr
SRAM             0x0000000020000000 0x0000000000008000 xrw
*default*        0x0000000000000000 0xffffffffffffffff

Linker script and memory map

LOAD /usr/lib/gcc/arm-none-eabi/5.4.1/armv7e-m/fpu/crti.o
LOAD /usr/lib/gcc/arm-none-eabi/5.4.1/armv7e-m/fpu/crtbegin.o
LOAD /usr/lib/gcc/arm-none-eabi/5.4.1/../../../arm-none-eabi/lib/armv7e-m/fpu/crt0.o
LOAD ./src/main.o
LOAD ./src/startup_gcc.o
LOAD ./SW-EK-TM4C123GXL-2.1.4.178/utils/uartstdio.o
LOAD /home/student/eclipse-workspace/Tiva_C_LaunchPad/SW-EK-TM4C123GXL-2.1.4.178/driverlib/gcc/libdriver.a
START GROUP
LOAD /usr/lib/gcc/arm-none-eabi/5.4.1/armv7e-m/fpu/libgcc.a
LOAD /usr/lib/gcc/arm-none-eabi/5.4.1/../../../arm-none-eabi/lib/armv7e-m/fpu/libg.a
LOAD /usr/lib/gcc/arm-none-eabi/5.4.1/../../../arm-none-eabi/lib/armv7e-m/fpu/libc.a
END GROUP
LOAD /usr/lib/gcc/arm-none-eabi/5.4.1/armv7e-m/fpu/crtend.o
LOAD /usr/lib/gcc/arm-none-eabi/5.4.1/armv7e-m/fpu/crtn.o

.text           0x0000000000000000     0x2200
                0x0000000000000000                _text = .
 *(.isr_vector)
 .isr_vector    0x0000000000000000      0x26c ./src/startup_gcc.o
                0x0000000000000000                g_pfnVectors
 *(.text*)
 .text.portlariAktiflestir
                0x000000000000026c      0x1f4 ./src/main.o
                0x000000000000026c                portlariAktiflestir
 .text.komutGonder
                0x0000000000000460       0x90 ./src/main.o
                0x0000000000000460                komutGonder
 .text.veriGonder
                0x00000000000004f0       0x84 ./src/main.o
                0x00000000000004f0                veriGonder
 .text.ekraniAktiflestir
                0x0000000000000574       0xa4 ./src/main.o
                0x0000000000000574                ekraniAktiflestir
 .text.ekranaYazdir
                0x0000000000000618       0x4c ./src/main.o
                0x0000000000000618                ekranaYazdir
 .text.init_UARTstdio
                0x0000000000000664       0x50 ./src/main.o
                0x0000000000000664                init_UARTstdio
 .text.main     0x00000000000006b4      0x71c ./src/main.o
                0x00000000000006b4                main
 .text.ResetISR
                0x0000000000000dd0       0x6c ./src/startup_gcc.o
                0x0000000000000dd0                ResetISR
 .text.NmiSR    0x0000000000000e3c        0x8 ./src/startup_gcc.o
 .text.FaultISR
                0x0000000000000e44        0x8 ./src/startup_gcc.o
 .text.IntDefaultHandler
                0x0000000000000e4c        0x8 ./src/startup_gcc.o
 .text.UARTStdioConfig
                0x0000000000000e54       0x70 ./SW-EK-TM4C123GXL-2.1.4.178/utils/uartstdio.o
                0x0000000000000e54                UARTStdioConfig
 .text.UARTwrite
                0x0000000000000ec4       0x5c ./SW-EK-TM4C123GXL-2.1.4.178/utils/uartstdio.o
                0x0000000000000ec4                UARTwrite
 .text.UARTvprintf
                0x0000000000000f20      0x400 ./SW-EK-TM4C123GXL-2.1.4.178/utils/uartstdio.o
                0x0000000000000f20                UARTvprintf
 .text.UARTprintf
                0x0000000000001320       0x24 ./SW-EK-TM4C123GXL-2.1.4.178/utils/uartstdio.o
                0x0000000000001320                UARTprintf
 .text.GPIODirModeSet
                0x0000000000001344       0x2e /home/student/eclipse-workspace/Tiva_C_LaunchPad/SW-EK-TM4C123GXL-2.1.4.178/driverlib/gcc/libdriver.a(gpio.o)
                0x0000000000001344                GPIODirModeSet
 .text.GPIOPadConfigSet
                0x0000000000001372      0x130 /home/student/eclipse-workspace/Tiva_C_LaunchPad/SW-EK-TM4C123GXL-2.1.4.178/driverlib/gcc/libdriver.a(gpio.o)
                0x0000000000001372                GPIOPadConfigSet
 .text.GPIOPinTypeUART
                0x00000000000014a2       0x1c /home/student/eclipse-workspace/Tiva_C_LaunchPad/SW-EK-TM4C123GXL-2.1.4.178/driverlib/gcc/libdriver.a(gpio.o)
                0x00000000000014a2                GPIOPinTypeUART
 *fill*         0x00000000000014be        0x2 
 .text.GPIOPinConfigure
                0x00000000000014c0       0x4c /home/student/eclipse-workspace/Tiva_C_LaunchPad/SW-EK-TM4C123GXL-2.1.4.178/driverlib/gcc/libdriver.a(gpio.o)
                0x00000000000014c0                GPIOPinConfigure
 .text.SysCtlPeripheralPresent
                0x000000000000150c       0x26 /home/student/eclipse-workspace/Tiva_C_LaunchPad/SW-EK-TM4C123GXL-2.1.4.178/driverlib/gcc/libdriver.a(sysctl.o)
                0x000000000000150c                SysCtlPeripheralPresent
 .text.SysCtlPeripheralEnable
                0x0000000000001532       0x22 /home/student/eclipse-workspace/Tiva_C_LaunchPad/SW-EK-TM4C123GXL-2.1.4.178/driverlib/gcc/libdriver.a(sysctl.o)
                0x0000000000001532                SysCtlPeripheralEnable
 .text.SysCtlClockGet
                0x0000000000001554      0x12c /home/student/eclipse-workspace/Tiva_C_LaunchPad/SW-EK-TM4C123GXL-2.1.4.178/driverlib/gcc/libdriver.a(sysctl.o)
                0x0000000000001554                SysCtlClockGet
 .text.UARTEnable
                0x0000000000001680       0x16 /home/student/eclipse-workspace/Tiva_C_LaunchPad/SW-EK-TM4C123GXL-2.1.4.178/driverlib/gcc/libdriver.a(uart.o)
                0x0000000000001680                UARTEnable
 .text.UARTDisable
                0x0000000000001696       0x1c /home/student/eclipse-workspace/Tiva_C_LaunchPad/SW-EK-TM4C123GXL-2.1.4.178/driverlib/gcc/libdriver.a(uart.o)
                0x0000000000001696                UARTDisable
 .text.UARTConfigSetExpClk
                0x00000000000016b2       0x48 /home/student/eclipse-workspace/Tiva_C_LaunchPad/SW-EK-TM4C123GXL-2.1.4.178/driverlib/gcc/libdriver.a(uart.o)
                0x00000000000016b2                UARTConfigSetExpClk
 .text.UARTCharPut
                0x00000000000016fa        0xa /home/student/eclipse-workspace/Tiva_C_LaunchPad/SW-EK-TM4C123GXL-2.1.4.178/driverlib/gcc/libdriver.a(uart.o)
                0x00000000000016fa                UARTCharPut
 .text          0x0000000000001704      0x370 /usr/lib/gcc/arm-none-eabi/5.4.1/armv7e-m/fpu/libgcc.a(_arm_addsubdf3.o)
                0x0000000000001704                __aeabi_drsub
                0x000000000000170c                __aeabi_dsub
                0x000000000000170c                __subdf3
                0x0000000000001710                __adddf3
                0x0000000000001710                __aeabi_dadd
                0x0000000000001988                __aeabi_ui2d
                0x0000000000001988                __floatunsidf
                0x00000000000019a8                __floatsidf
                0x00000000000019a8                __aeabi_i2d
                0x00000000000019cc                __extendsfdf2
                0x00000000000019cc                __aeabi_f2d
                0x0000000000001a08                __aeabi_ul2d
                0x0000000000001a08                __floatundidf
                0x0000000000001a18                __floatdidf
                0x0000000000001a18                __aeabi_l2d
 .text          0x0000000000001a74      0x424 /usr/lib/gcc/arm-none-eabi/5.4.1/armv7e-m/fpu/libgcc.a(_arm_muldivdf3.o)
                0x0000000000001a74                __aeabi_dmul
                0x0000000000001a74                __muldf3
                0x0000000000001cc8                __aeabi_ddiv
                0x0000000000001cc8                __divdf3
 .text          0x0000000000001e98       0xa0 /usr/lib/gcc/arm-none-eabi/5.4.1/armv7e-m/fpu/libgcc.a(_arm_truncdfsf2.o)
                0x0000000000001e98                __aeabi_d2f
                0x0000000000001e98                __truncdfsf2
 *(.rodata*)
 .rodata        0x0000000000001f38      0x172 ./src/main.o
 *fill*         0x00000000000020aa        0x2 
 .rodata        0x00000000000020ac       0x26 ./SW-EK-TM4C123GXL-2.1.4.178/utils/uartstdio.o
 *fill*         0x00000000000020d2        0x2 
 .rodata.g_ui32UARTBase
                0x00000000000020d4        0xc ./SW-EK-TM4C123GXL-2.1.4.178/utils/uartstdio.o
 .rodata.g_ui32UARTPeriph
                0x00000000000020e0        0xc ./SW-EK-TM4C123GXL-2.1.4.178/utils/uartstdio.o
 .rodata.g_pui32GPIOBaseAddrs
                0x00000000000020ec       0x90 /home/student/eclipse-workspace/Tiva_C_LaunchPad/SW-EK-TM4C123GXL-2.1.4.178/driverlib/gcc/libdriver.a(gpio.o)
 .rodata.g_pui32Xtals
                0x000000000000217c       0x6c /home/student/eclipse-workspace/Tiva_C_LaunchPad/SW-EK-TM4C123GXL-2.1.4.178/driverlib/gcc/libdriver.a(sysctl.o)
 *(.init)
 .init          0x00000000000021e8        0x4 /usr/lib/gcc/arm-none-eabi/5.4.1/armv7e-m/fpu/crti.o
                0x00000000000021e8                _init
 .init          0x00000000000021ec        0x8 /usr/lib/gcc/arm-none-eabi/5.4.1/armv7e-m/fpu/crtn.o
 *(.fini)
 .fini          0x00000000000021f4        0x4 /usr/lib/gcc/arm-none-eabi/5.4.1/armv7e-m/fpu/crti.o
                0x00000000000021f4                _fini
 .fini          0x00000000000021f8        0x8 /usr/lib/gcc/arm-none-eabi/5.4.1/armv7e-m/fpu/crtn.o
                0x0000000000002200                _etext = .

.glue_7         0x0000000000002200        0x0
 .glue_7        0x0000000000002200        0x0 linker stubs

.glue_7t        0x0000000000002200        0x0
 .glue_7t       0x0000000000002200        0x0 linker stubs

.vfp11_veneer   0x0000000000002200        0x0
 .vfp11_veneer  0x0000000000002200        0x0 linker stubs

.v4_bx          0x0000000000002200        0x0
 .v4_bx         0x0000000000002200        0x0 linker stubs

.iplt           0x0000000000002200        0x0
 .iplt          0x0000000000002200        0x0 /usr/lib/gcc/arm-none-eabi/5.4.1/armv7e-m/fpu/crtbegin.o

.rel.dyn        0x0000000000002200        0x0
 .rel.iplt      0x0000000000002200        0x0 /usr/lib/gcc/arm-none-eabi/5.4.1/armv7e-m/fpu/crtbegin.o

.data           0x0000000020000000        0x0 load address 0x0000000000002200
                0x0000000020000000                _data = .
                0x0000000000002200                _ldata = LOADADDR (.data)
 *(vtable)
 *(.data*)
                0x0000000020000000                _edata = .

.igot.plt       0x0000000020000000        0x0
 .igot.plt      0x0000000020000000        0x0 /usr/lib/gcc/arm-none-eabi/5.4.1/armv7e-m/fpu/crtbegin.o

.bss            0x0000000020000000      0x148
                0x0000000020000000                _bss = .
 *(.bss*)
 .bss.sayac_25  0x0000000020000000        0x4 ./src/main.o
                0x0000000020000000                sayac_25
 .bss.stok_25   0x0000000020000004        0x4 ./src/main.o
                0x0000000020000004                stok_25
 .bss.sayac_50  0x0000000020000008        0x4 ./src/main.o
                0x0000000020000008                sayac_50
 .bss.stok_50   0x000000002000000c        0x4 ./src/main.o
                0x000000002000000c                stok_50
 .bss.sayac_100
                0x0000000020000010        0x4 ./src/main.o
                0x0000000020000010                sayac_100
 .bss.stok_100  0x0000000020000014        0x4 ./src/main.o
                0x0000000020000014                stok_100
 .bss.toplam_para
                0x0000000020000018        0x4 ./src/main.o
                0x0000000020000018                toplam_para
 .bss.kalan_para
                0x000000002000001c        0x4 ./src/main.o
                0x000000002000001c                kalan_para
 .bss.pui32Stack
                0x0000000020000020      0x100 ./src/startup_gcc.o
 .bss.g_ui32Base
                0x0000000020000120        0x4 ./SW-EK-TM4C123GXL-2.1.4.178/utils/uartstdio.o
 *(COMMON)
 COMMON         0x0000000020000124       0x24 ./src/main.o
                0x0000000020000124                but_3
                0x0000000020000128                button_sol
                0x000000002000012c                but_4
                0x0000000020000130                but_5
                0x0000000020000134                but_2
                0x0000000020000138                delay
                0x000000002000013c                button_sag
                0x0000000020000140                but_1
                0x0000000020000144                but_6
                0x0000000020000148                _ebss = .
OUTPUT(Tiva_C_LaunchPad.elf elf32-littlearm)

.ARM.attributes
                0x0000000000000000       0x30
 .ARM.attributes
                0x0000000000000000       0x22 /usr/lib/gcc/arm-none-eabi/5.4.1/armv7e-m/fpu/crti.o
 .ARM.attributes
                0x0000000000000022       0x39 ./src/main.o
 .ARM.attributes
                0x000000000000005b       0x39 ./src/startup_gcc.o
 .ARM.attributes
                0x0000000000000094       0x39 ./SW-EK-TM4C123GXL-2.1.4.178/utils/uartstdio.o
 .ARM.attributes
                0x00000000000000cd       0x3b /home/student/eclipse-workspace/Tiva_C_LaunchPad/SW-EK-TM4C123GXL-2.1.4.178/driverlib/gcc/libdriver.a(gpio.o)
 .ARM.attributes
                0x0000000000000108       0x3b /home/student/eclipse-workspace/Tiva_C_LaunchPad/SW-EK-TM4C123GXL-2.1.4.178/driverlib/gcc/libdriver.a(sysctl.o)
 .ARM.attributes
                0x0000000000000143       0x3b /home/student/eclipse-workspace/Tiva_C_LaunchPad/SW-EK-TM4C123GXL-2.1.4.178/driverlib/gcc/libdriver.a(uart.o)
 .ARM.attributes
                0x000000000000017e       0x22 /usr/lib/gcc/arm-none-eabi/5.4.1/armv7e-m/fpu/libgcc.a(_arm_addsubdf3.o)
 .ARM.attributes
                0x00000000000001a0       0x22 /usr/lib/gcc/arm-none-eabi/5.4.1/armv7e-m/fpu/libgcc.a(_arm_muldivdf3.o)
 .ARM.attributes
                0x00000000000001c2       0x22 /usr/lib/gcc/arm-none-eabi/5.4.1/armv7e-m/fpu/libgcc.a(_arm_truncdfsf2.o)
 .ARM.attributes
                0x00000000000001e4       0x22 /usr/lib/gcc/arm-none-eabi/5.4.1/armv7e-m/fpu/crtn.o

.comment        0x0000000000000000       0x9b
 .comment       0x0000000000000000       0x2b ./src/main.o
                                         0x2c (size before relaxing)
 .comment       0x000000000000002b       0x2c ./src/startup_gcc.o
 .comment       0x000000000000002b       0x2c ./SW-EK-TM4C123GXL-2.1.4.178/utils/uartstdio.o
 .comment       0x000000000000002b       0x70 /home/student/eclipse-workspace/Tiva_C_LaunchPad/SW-EK-TM4C123GXL-2.1.4.178/driverlib/gcc/libdriver.a(gpio.o)
                                         0x71 (size before relaxing)
 .comment       0x000000000000009b       0x71 /home/student/eclipse-workspace/Tiva_C_LaunchPad/SW-EK-TM4C123GXL-2.1.4.178/driverlib/gcc/libdriver.a(sysctl.o)
 .comment       0x000000000000009b       0x71 /home/student/eclipse-workspace/Tiva_C_LaunchPad/SW-EK-TM4C123GXL-2.1.4.178/driverlib/gcc/libdriver.a(uart.o)

.debug_info     0x0000000000000000      0xa8f
 .debug_info    0x0000000000000000      0x348 ./src/main.o
 .debug_info    0x0000000000000348      0x172 ./src/startup_gcc.o
 .debug_info    0x00000000000004ba      0x38f ./SW-EK-TM4C123GXL-2.1.4.178/utils/uartstdio.o
 .debug_info    0x0000000000000849       0xc2 /usr/lib/gcc/arm-none-eabi/5.4.1/armv7e-m/fpu/libgcc.a(_arm_addsubdf3.o)
 .debug_info    0x000000000000090b       0xc2 /usr/lib/gcc/arm-none-eabi/5.4.1/armv7e-m/fpu/libgcc.a(_arm_muldivdf3.o)
 .debug_info    0x00000000000009cd       0xc2 /usr/lib/gcc/arm-none-eabi/5.4.1/armv7e-m/fpu/libgcc.a(_arm_truncdfsf2.o)

.debug_abbrev   0x0000000000000000      0x32a
 .debug_abbrev  0x0000000000000000      0x10d ./src/main.o
 .debug_abbrev  0x000000000000010d       0xd3 ./src/startup_gcc.o
 .debug_abbrev  0x00000000000001e0      0x10e ./SW-EK-TM4C123GXL-2.1.4.178/utils/uartstdio.o
 .debug_abbrev  0x00000000000002ee       0x14 /usr/lib/gcc/arm-none-eabi/5.4.1/armv7e-m/fpu/libgcc.a(_arm_addsubdf3.o)
 .debug_abbrev  0x0000000000000302       0x14 /usr/lib/gcc/arm-none-eabi/5.4.1/armv7e-m/fpu/libgcc.a(_arm_muldivdf3.o)
 .debug_abbrev  0x0000000000000316       0x14 /usr/lib/gcc/arm-none-eabi/5.4.1/armv7e-m/fpu/libgcc.a(_arm_truncdfsf2.o)

.debug_aranges  0x0000000000000000      0x130
 .debug_aranges
                0x0000000000000000       0x50 ./src/main.o
 .debug_aranges
                0x0000000000000050       0x38 ./src/startup_gcc.o
 .debug_aranges
                0x0000000000000088       0x48 ./SW-EK-TM4C123GXL-2.1.4.178/utils/uartstdio.o
 .debug_aranges
                0x00000000000000d0       0x20 /usr/lib/gcc/arm-none-eabi/5.4.1/armv7e-m/fpu/libgcc.a(_arm_addsubdf3.o)
 .debug_aranges
                0x00000000000000f0       0x20 /usr/lib/gcc/arm-none-eabi/5.4.1/armv7e-m/fpu/libgcc.a(_arm_muldivdf3.o)
 .debug_aranges
                0x0000000000000110       0x20 /usr/lib/gcc/arm-none-eabi/5.4.1/armv7e-m/fpu/libgcc.a(_arm_truncdfsf2.o)

.debug_ranges   0x0000000000000000       0xa0
 .debug_ranges  0x0000000000000000       0x40 ./src/main.o
 .debug_ranges  0x0000000000000040       0x28 ./src/startup_gcc.o
 .debug_ranges  0x0000000000000068       0x38 ./SW-EK-TM4C123GXL-2.1.4.178/utils/uartstdio.o

.debug_macro    0x0000000000000000    0x116d3
 .debug_macro   0x0000000000000000      0x172 ./src/main.o
 .debug_macro   0x0000000000000172      0x880 ./src/main.o
 .debug_macro   0x00000000000009f2       0x22 ./src/main.o
 .debug_macro   0x0000000000000a14       0x87 ./src/main.o
 .debug_macro   0x0000000000000a9b       0x44 ./src/main.o
 .debug_macro   0x0000000000000adf       0xfd ./src/main.o
 .debug_macro   0x0000000000000bdc       0x5e ./src/main.o
 .debug_macro   0x0000000000000c3a      0x1df ./src/main.o
 .debug_macro   0x0000000000000e19       0x52 ./src/main.o
 .debug_macro   0x0000000000000e6b       0x35 ./src/main.o
 .debug_macro   0x0000000000000ea0       0x9c ./src/main.o
 .debug_macro   0x0000000000000f3c      0x174 ./src/main.o
 .debug_macro   0x00000000000010b0       0x52 ./src/main.o
 .debug_macro   0x0000000000001102       0x1f ./src/main.o
 .debug_macro   0x0000000000001121       0x43 ./src/main.o
 .debug_macro   0x0000000000001164       0x20 ./src/main.o
 .debug_macro   0x0000000000001184      0x187 ./src/main.o
 .debug_macro   0x000000000000130b      0x30d ./src/main.o
 .debug_macro   0x0000000000001618       0x10 ./src/main.o
 .debug_macro   0x0000000000001628       0x35 ./src/main.o
 .debug_macro   0x000000000000165d     0xb522 ./src/main.o
 .debug_macro   0x000000000000cb7f       0x22 ./src/main.o
 .debug_macro   0x000000000000cba1       0x67 ./src/main.o
 .debug_macro   0x000000000000cc08      0x101 ./src/main.o
 .debug_macro   0x000000000000cd09      0xa88 ./src/main.o
 .debug_macro   0x000000000000d791      0x17a ./src/main.o
 .debug_macro   0x000000000000d90b       0x58 ./src/main.o
 .debug_macro   0x000000000000d963       0x75 ./src/startup_gcc.o
 .debug_macro   0x000000000000d9d8     0x1342 ./src/startup_gcc.o
 .debug_macro   0x000000000000ed1a       0xd9 ./SW-EK-TM4C123GXL-2.1.4.178/utils/uartstdio.o
 .debug_macro   0x000000000000edf3      0x946 ./SW-EK-TM4C123GXL-2.1.4.178/utils/uartstdio.o
 .debug_macro   0x000000000000f739      0x25e ./SW-EK-TM4C123GXL-2.1.4.178/utils/uartstdio.o
 .debug_macro   0x000000000000f997      0x42a ./SW-EK-TM4C123GXL-2.1.4.178/utils/uartstdio.o
 .debug_macro   0x000000000000fdc1       0x10 ./SW-EK-TM4C123GXL-2.1.4.178/utils/uartstdio.o
 .debug_macro   0x000000000000fdd1       0x10 ./SW-EK-TM4C123GXL-2.1.4.178/utils/uartstdio.o
 .debug_macro   0x000000000000fde1       0xdc ./SW-EK-TM4C123GXL-2.1.4.178/utils/uartstdio.o
 .debug_macro   0x000000000000febd     0x1816 ./SW-EK-TM4C123GXL-2.1.4.178/utils/uartstdio.o

.debug_line     0x0000000000000000      0xecf
 .debug_line    0x0000000000000000      0x4e6 ./src/main.o
 .debug_line    0x00000000000004e6      0x1d8 ./src/startup_gcc.o
 .debug_line    0x00000000000006be      0x46d ./SW-EK-TM4C123GXL-2.1.4.178/utils/uartstdio.o
 .debug_line    0x0000000000000b2b      0x179 /usr/lib/gcc/arm-none-eabi/5.4.1/armv7e-m/fpu/libgcc.a(_arm_addsubdf3.o)
 .debug_line    0x0000000000000ca4      0x19d /usr/lib/gcc/arm-none-eabi/5.4.1/armv7e-m/fpu/libgcc.a(_arm_muldivdf3.o)
 .debug_line    0x0000000000000e41       0x8e /usr/lib/gcc/arm-none-eabi/5.4.1/armv7e-m/fpu/libgcc.a(_arm_truncdfsf2.o)

.debug_str      0x0000000000000000    0x50d19
 .debug_str     0x0000000000000000    0x42ec3 ./src/main.o
                                      0x430e1 (size before relaxing)
 .debug_str     0x0000000000042ec3      0xef3 ./src/startup_gcc.o
                                       0x8729 (size before relaxing)
 .debug_str     0x0000000000043db6     0xcf63 ./SW-EK-TM4C123GXL-2.1.4.178/utils/uartstdio.o
                                      0x14922 (size before relaxing)

.debug_frame    0x0000000000000000      0x280
 .debug_frame   0x0000000000000000      0x108 ./src/main.o
 .debug_frame   0x0000000000000108       0x7c ./src/startup_gcc.o
 .debug_frame   0x0000000000000184       0xfc ./SW-EK-TM4C123GXL-2.1.4.178/utils/uartstdio.o
